Component: ARM Compiler 5.06 update 6 (build 750) Tool: armlink [4d35ed]

==============================================================================

Section Cross References

    main.o(.text) refers to stm32f4xx_usart.o(.text) for USART_GetFlagStatus
    main.o(.text) refers to motor.o(.text) for Get_IMU2_Angle
    main.o(.text) refers to delay.o(.text) for delay_ms
    main.o(.text) refers to canopen_timebase.o(.text) for Canopen_Timebase_Config
    main.o(.text) refers to canopen_can.o(.text) for Canopen_Can_Config
    main.o(.text) refers to states.o(.text) for setNodeId
    main.o(.text) refers to misc.o(.text) for NVIC_PriorityGroupConfig
    main.o(.text) refers to usart.o(.text) for Uart_Init
    main.o(.text) refers to usart_mpu.o(.text) for usart_mpu_init
    main.o(.text) refers to masterobject.o(.data) for masterobject_Data
    main.o(.text) refers to canopen_can.o(.data) for leftElmoInitFlag
    system_stm32f4xx.o(.text) refers to system_stm32f4xx.o(.data) for SystemCoreClock
    masterobject.o(.text) refers to masterobject.o(.constdata) for masterobject_objdict
    masterobject.o(.constdata) refers to masterobject.o(.data) for masterobject_Index1000
    masterobject.o(.data) refers to masterobject.o(.constdata) for masterobject_objdict
    masterobject.o(.data) refers to pdo.o(.text) for _RxPDO_EventTimers_Handler
    masterobject.o(.data) refers to masterobject.o(.text) for masterobject_valueRangeTest
    masterobject.o(.data) refers to states.o(.text) for _initialisation
    masterobject.o(.data) refers to lifegrd.o(.text) for _heartbeatError
    masterobject.o(.data) refers to sync.o(.text) for _post_sync
    masterobject.o(.data) refers to objacces.o(.text) for _storeODSubIndex
    masterobject.o(.data) refers to emcy.o(.text) for _post_emcy
    led.o(.text) refers to stm32f4xx_rcc.o(.text) for RCC_AHB1PeriphClockCmd
    led.o(.text) refers to stm32f4xx_gpio.o(.text) for GPIO_Init
    key.o(.text) refers to stm32f4xx_rcc.o(.text) for RCC_AHB1PeriphClockCmd
    key.o(.text) refers to stm32f4xx_gpio.o(.text) for GPIO_Init
    key.o(.text) refers to delay.o(.text) for delay_ms
    key.o(.text) refers to key.o(.data) for key_up
    lcd.o(.text) refers to _printf_percent.o(.ARM.Collect$$_printf_percent$$00000000) for _printf_percent
    lcd.o(.text) refers to _printf_x.o(.ARM.Collect$$_printf_percent$$0000000C) for _printf_x
    lcd.o(.text) refers to _printf_hex_int.o(.text) for _printf_longlong_hex
    lcd.o(.text) refers to delay.o(.text) for delay_us
    lcd.o(.text) refers to lcd.o(.bss) for lcddev
    lcd.o(.text) refers to lcd.o(.data) for POINT_COLOR
    lcd.o(.text) refers to dflt_clz.o(x$fpl$dfltu) for __aeabi_ui2d
    lcd.o(.text) refers to dmul.o(x$fpl$dmul) for __aeabi_dmul
    lcd.o(.text) refers to dfixu.o(x$fpl$dfixu) for __aeabi_d2uiz
    lcd.o(.text) refers to stm32f4xx_rcc.o(.text) for RCC_AHB1PeriphClockCmd
    lcd.o(.text) refers to stm32f4xx_gpio.o(.text) for GPIO_Init
    lcd.o(.text) refers to stm32f4xx_fsmc.o(.text) for FSMC_NORSRAMInit
    lcd.o(.text) refers to noretval__2printf.o(.text) for __2printf
    lcd.o(.text) refers to lcd.o(.constdata) for asc2_1206
    myiic.o(.text) refers to stm32f4xx_rcc.o(.text) for RCC_AHB1PeriphClockCmd
    myiic.o(.text) refers to stm32f4xx_gpio.o(.text) for GPIO_Init
    myiic.o(.text) refers to delay.o(.text) for delay_us
    mpu6050.o(.text) refers to myiic.o(.text) for IIC_Start
    mpu6050.o(.text) refers to delay.o(.text) for delay_ms
    mpu6050.o(.text) refers to dflt_clz.o(x$fpl$dflt) for __aeabi_i2d
    mpu6050.o(.text) refers to ddiv.o(x$fpl$ddiv) for __aeabi_ddiv
    mpu6050.o(.text) refers to daddsub_clz.o(x$fpl$dadd) for __aeabi_dadd
    mpu6050.o(.text) refers to d2f.o(x$fpl$d2f) for __aeabi_d2f
    inv_mpu.o(.text) refers to _printf_pad.o(.text) for _printf_pre_padding
    inv_mpu.o(.text) refers to _printf_percent.o(.ARM.Collect$$_printf_percent$$00000000) for _printf_percent
    inv_mpu.o(.text) refers to _printf_x.o(.ARM.Collect$$_printf_percent$$0000000C) for _printf_x
    inv_mpu.o(.text) refers to _printf_hex_int.o(.text) for _printf_longlong_hex
    inv_mpu.o(.text) refers to _printf_d.o(.ARM.Collect$$_printf_percent$$00000009) for _printf_d
    inv_mpu.o(.text) refers to _printf_dec.o(.text) for _printf_int_dec
    inv_mpu.o(.text) refers to mpu6050.o(.text) for MPU_Write_Len
    inv_mpu.o(.text) refers to noretval__2printf.o(.text) for __2printf
    inv_mpu.o(.text) refers to delay.o(.text) for delay_ms
    inv_mpu.o(.text) refers to inv_mpu.o(.data) for st
    inv_mpu.o(.text) refers to inv_mpu.o(.conststring) for .conststring
    inv_mpu.o(.text) refers to inv_mpu.o(.constdata) for test
    inv_mpu.o(.text) refers to llsdiv.o(.text) for __aeabi_ldivmod
    inv_mpu.o(.text) refers to memcmp.o(.text) for memcmp
    inv_mpu.o(.text) refers to inv_mpu_dmp_motion_driver.o(.text) for dmp_set_gyro_bias
    inv_mpu.o(.text) refers to myiic.o(.text) for IIC_Init
[...]
    DMA1_Stream6_IRQHandler                  0x080048e3   Thumb Code     0  startup_stm32f40_41xxx.o(.text)
    DMA1_Stream7_IRQHandler                  0x080048e3   Thumb Code     0  startup_stm32f40_41xxx.o(.text)
    DMA2_Stream0_IRQHandler                  0x080048e3   Thumb Code     0  startup_stm32f40_41xxx.o(.text)
    DMA2_Stream1_IRQHandler                  0x080048e3   Thumb Code     0  startup_stm32f40_41xxx.o(.text)
    DMA2_Stream2_IRQHandler                  0x080048e3   Thumb Code     0  startup_stm32f40_41xxx.o(.text)
    DMA2_Stream3_IRQHandler                  0x080048e3   Thumb Code     0  startup_stm32f40_41xxx.o(.text)
    DMA2_Stream4_IRQHandler                  0x080048e3   Thumb Code     0  startup_stm32f40_41xxx.o(.text)
    DMA2_Stream5_IRQHandler                  0x080048e3   Thumb Code     0  startup_stm32f40_41xxx.o(.text)
    DMA2_Stream6_IRQHandler                  0x080048e3   Thumb Code     0  startup_stm32f40_41xxx.o(.text)
    DMA2_Stream7_IRQHandler                  0x080048e3   Thumb Code     0  startup_stm32f40_41xxx.o(.text)
    ETH_IRQHandler                           0x080048e3   Thumb Code     0  startup_stm32f40_41xxx.o(.text)
    ETH_WKUP_IRQHandler                      0x080048e3   Thumb Code     0  startup_stm32f40_41xxx.o(.text)
    EXTI15_10_IRQHandler                     0x080048e3   Thumb Code     0  startup_stm32f40_41xxx.o(.text)
    EXTI1_IRQHandler                         0x080048e3   Thumb Code     0  startup_stm32f40_41xxx.o(.text)
    EXTI4_IRQHandler                         0x080048e3   Thumb Code     0  startup_stm32f40_41xxx.o(.text)
    EXTI9_5_IRQHandler                       0x080048e3   Thumb Code     0  startup_stm32f40_41xxx.o(.text)
    FLASH_IRQHandler                         0x080048e3   Thumb Code     0  startup_stm32f40_41xxx.o(.text)
    FPU_IRQHandler                           0x080048e3   Thumb Code     0  startup_stm32f40_41xxx.o(.text)
    FSMC_IRQHandler                          0x080048e3   Thumb Code     0  startup_stm32f40_41xxx.o(.text)
    HASH_RNG_IRQHandler                      0x080048e3   Thumb Code     0  startup_stm32f40_41xxx.o(.text)
    I2C1_ER_IRQHandler                       0x080048e3   Thumb Code     0  startup_stm32f40_41xxx.o(.text)
    I2C1_EV_IRQHandler                       0x080048e3   Thumb Code     0  startup_stm32f40_41xxx.o(.text)
    I2C2_ER_IRQHandler                       0x080048e3   Thumb Code     0  startup_stm32f40_41xxx.o(.text)
    I2C2_EV_IRQHandler                       0x080048e3   Thumb Code     0  startup_stm32f40_41xxx.o(.text)
    I2C3_ER_IRQHandler                       0x080048e3   Thumb Code     0  startup_stm32f40_41xxx.o(.text)
    I2C3_EV_IRQHandler                       0x080048e3   Thumb Code     0  startup_stm32f40_41xxx.o(.text)
    OTG_FS_IRQHandler                        0x080048e3   Thumb Code     0  startup_stm32f40_41xxx.o(.text)
    OTG_FS_WKUP_IRQHandler                   0x080048e3   Thumb Code     0  startup_stm32f40_41xxx.o(.text)
    OTG_HS_EP1_IN_IRQHandler                 0x080048e3   Thumb Code     0  startup_stm32f40_41xxx.o(.text)
    OTG_HS_EP1_OUT_IRQHandler                0x080048e3   Thumb Code     0  startup_stm32f40_41xxx.o(.text)
    OTG_HS_IRQHandler                        0x080048e3   Thumb Code     0  startup_stm32f40_41xxx.o(.text)
    OTG_HS_WKUP_IRQHandler                   0x080048e3   Thumb Code     0  startup_stm32f40_41xxx.o(.text)
    PVD_IRQHandler                           0x080048e3   Thumb Code     0  startup_stm32f40_41xxx.o(.text)
    RCC_IRQHandler                           0x080048e3   Thumb Code     0  startup_stm32f40_41xxx.o(.text)
    RTC_Alarm_IRQHandler                     0x080048e3   Thumb Code     0  startup_stm32f40_41xxx.o(.text)
    RTC_WKUP_IRQHandler                      0x080048e3   Thumb Code     0  startup_stm32f40_41xxx.o(.text)
    SDIO_IRQHandler                          0x080048e3   Thumb Code     0  startup_stm32f40_41xxx.o(.text)
    SPI1_IRQHandler                          0x080048e3   Thumb Code     0  startup_stm32f40_41xxx.o(.text)
    SPI2_IRQHandler                          0x080048e3   Thumb Code     0  startup_stm32f40_41xxx.o(.text)
    SPI3_IRQHandler                          0x080048e3   Thumb Code     0  startup_stm32f40_41xxx.o(.text)
    TAMP_STAMP_IRQHandler                    0x080048e3   Thumb Code     0  startup_stm32f40_41xxx.o(.text)
    TIM1_BRK_TIM9_IRQHandler                 0x080048e3   Thumb Code     0  startup_stm32f40_41xxx.o(.text)
    TIM1_CC_IRQHandler                       0x080048e3   Thumb Code     0  startup_stm32f40_41xxx.o(.text)
    TIM1_TRG_COM_TIM11_IRQHandler            0x080048e3   Thumb Code     0  startup_stm32f40_41xxx.o(.text)
    TIM1_UP_TIM10_IRQHandler                 0x080048e3   Thumb Code     0  startup_stm32f40_41xxx.o(.text)
    TIM5_IRQHandler                          0x080048e3   Thumb Code     0  startup_stm32f40_41xxx.o(.text)
    TIM6_DAC_IRQHandler                      0x080048e3   Thumb Code     0  startup_stm32f40_41xxx.o(.text)
    TIM7_IRQHandler                          0x080048e3   Thumb Code     0  startup_stm32f40_41xxx.o(.text)
    TIM8_BRK_TIM12_IRQHandler                0x080048e3   Thumb Code     0  startup_stm32f40_41xxx.o(.text)
    TIM8_CC_IRQHandler                       0x080048e3   Thumb Code     0  startup_stm32f40_41xxx.o(.text)
    TIM8_TRG_COM_TIM14_IRQHandler            0x080048e3   Thumb Code     0  startup_stm32f40_41xxx.o(.text)
    TIM8_UP_TIM13_IRQHandler                 0x080048e3   Thumb Code     0  startup_stm32f40_41xxx.o(.text)
    UART4_IRQHandler                         0x080048e3   Thumb Code     0  startup_stm32f40_41xxx.o(.text)
    UART5_IRQHandler                         0x080048e3   Thumb Code     0  startup_stm32f40_41xxx.o(.text)
    USART3_IRQHandler                        0x080048e3   Thumb Code     0  startup_stm32f40_41xxx.o(.text)
    USART6_IRQHandler                        0x080048e3   Thumb Code     0  startup_stm32f40_41xxx.o(.text)
    WWDG_IRQHandler                          0x080048e3   Thumb Code     0  startup_stm32f40_41xxx.o(.text)
    __user_initial_stackheap                 0x080048e5   Thumb Code     0  startup_stm32f40_41xxx.o(.text)
    NVIC_PriorityGroupConfig                 0x08004909   Thumb Code    10  misc.o(.text)
    NVIC_Init                                0x08004913   Thumb Code   106  misc.o(.text)
    NVIC_SetVectorTable                      0x0800497d   Thumb Code    14  misc.o(.text)
    NVIC_SystemLPConfig                      0x0800498b   Thumb Code    34  misc.o(.text)
    SysTick_CLKSourceConfig                  0x080049ad   Thumb Code    40  misc.o(.text)
    GPIO_DeInit                              0x080049e9   Thumb Code   268  stm32f4xx_gpio.o(.text)
    GPIO_Init                                0x08004af5   Thumb Code   144  stm32f4xx_gpio.o(.text)
    GPIO_StructInit                          0x08004b85   Thumb Code    18  stm32f4xx_gpio.o(.text)
    GPIO_PinLockConfig                       0x08004b97   Thumb Code    34  stm32f4xx_gpio.o(.text)
    GPIO_ReadInputDataBit                    0x08004bb9   Thumb Code    18  stm32f4xx_gpio.o(.text)
    GPIO_ReadInputData                       0x08004bcb   Thumb Code     8  stm32f4xx_gpio.o(.text)
    GPIO_ReadOutputDataBit                   0x08004bd3   Thumb Code    18  stm32f4xx_gpio.o(.text)
    GPIO_ReadOutputData                      0x08004be5   Thumb Code     8  stm32f4xx_gpio.o(.text)
    GPIO_SetBits                             0x08004bed   Thumb Code     4  stm32f4xx_gpio.o(.text)
    GPIO_ResetBits                           0x08004bf1   Thumb Code     4  stm32f4xx_gpio.o(.text)
    GPIO_WriteBit                            0x08004bf5   Thumb Code    10  stm32f4xx_gpio.o(.text)
    GPIO_Write                               0x08004bff   Thumb Code     4  stm32f4xx_gpio.o(.text)
    GPIO_ToggleBits                          0x08004c03   Thumb Code     8  stm32f4xx_gpio.o(.text)
    GPIO_PinAFConfig                         0x08004c0b   Thumb Code    70  stm32f4xx_gpio.o(.text)
    RCC_DeInit                               0x08004c7d   Thumb Code    82  stm32f4xx_rcc.o(.text)
    RCC_HSEConfig                            0x08004ccf   Thumb Code    14  stm32f4xx_rcc.o(.text)
    RCC_GetFlagStatus                        0x08004cdd   Thumb Code    60  stm32f4xx_rcc.o(.text)
    RCC_WaitForHSEStartUp                    0x08004d19   Thumb Code    56  stm32f4xx_rcc.o(.text)
    RCC_AdjustHSICalibrationValue            0x08004d51   Thumb Code    20  stm32f4xx_rcc.o(.text)
    RCC_HSICmd                               0x08004d65   Thumb Code     6  stm32f4xx_rcc.o(.text)
    RCC_LSEConfig                            0x08004d6b   Thumb Code    46  stm32f4xx_rcc.o(.text)
    RCC_LSICmd                               0x08004d99   Thumb Code     6  stm32f4xx_rcc.o(.text)
    RCC_PLLConfig                            0x08004d9f   Thumb Code    32  stm32f4xx_rcc.o(.text)
    RCC_PLLCmd                               0x08004dbf   Thumb Code     6  stm32f4xx_rcc.o(.text)
    RCC_PLLI2SConfig                         0x08004dc5   Thumb Code    14  stm32f4xx_rcc.o(.text)
    RCC_PLLI2SCmd                            0x08004dd3   Thumb Code     6  stm32f4xx_rcc.o(.text)
    RCC_PLLSAIConfig                         0x08004dd9   Thumb Code    20  stm32f4xx_rcc.o(.text)
    RCC_PLLSAICmd                            0x08004ded   Thumb Code     6  stm32f4xx_rcc.o(.text)
    RCC_ClockSecuritySystemCmd               0x08004df3   Thumb Code     6  stm32f4xx_rcc.o(.text)
    RCC_MCO1Config                           0x08004df9   Thumb Code    28  stm32f4xx_rcc.o(.text)
    RCC_MCO2Config                           0x08004e15   Thumb Code    28  stm32f4xx_rcc.o(.text)
    RCC_SYSCLKConfig                         0x08004e31   Thumb Code    20  stm32f4xx_rcc.o(.text)
    RCC_GetSYSCLKSource                      0x08004e45   Thumb Code    12  stm32f4xx_rcc.o(.text)
    RCC_HCLKConfig                           0x08004e51   Thumb Code    20  stm32f4xx_rcc.o(.text)
    RCC_PCLK1Config                          0x08004e65   Thumb Code    20  stm32f4xx_rcc.o(.text)
    RCC_PCLK2Config                          0x08004e79   Thumb Code    22  stm32f4xx_rcc.o(.text)
    RCC_GetClocksFreq                        0x08004e8f   Thumb Code   222  stm32f4xx_rcc.o(.text)
    RCC_RTCCLKConfig                         0x08004f6d   Thumb Code    54  stm32f4xx_rcc.o(.text)
    RCC_RTCCLKCmd                            0x08004fa3   Thumb Code     8  stm32f4xx_rcc.o(.text)
    RCC_BackupResetCmd                       0x08004fab   Thumb Code     8  stm32f4xx_rcc.o(.text)
    RCC_I2SCLKConfig                         0x08004fb3   Thumb Code     6  stm32f4xx_rcc.o(.text)
    RCC_SAIPLLI2SClkDivConfig                0x08004fb9   Thumb Code    26  stm32f4xx_rcc.o(.text)
    RCC_SAIPLLSAIClkDivConfig                0x08004fd3   Thumb Code    28  stm32f4xx_rcc.o(.text)
    RCC_SAIBlockACLKConfig                   0x08004fef   Thumb Code    20  stm32f4xx_rcc.o(.text)
    RCC_SAIBlockBCLKConfig                   0x08005003   Thumb Code    20  stm32f4xx_rcc.o(.text)
    RCC_LTDCCLKDivConfig                     0x08005017   Thumb Code    20  stm32f4xx_rcc.o(.text)
    RCC_TIMCLKPresConfig                     0x0800502b   Thumb Code     6  stm32f4xx_rcc.o(.text)
    RCC_AHB1PeriphClockCmd                   0x08005031   Thumb Code    34  stm32f4xx_rcc.o(.text)
    RCC_AHB2PeriphClockCmd                   0x08005053   Thumb Code    78  stm32f4xx_rcc.o(.text)
    RCC_AHB3PeriphClockCmd                   0x080050a1   Thumb Code    34  stm32f4xx_rcc.o(.text)
    RCC_APB1PeriphClockCmd                   0x080050c3   Thumb Code    34  stm32f4xx_rcc.o(.text)
    RCC_APB2PeriphClockCmd                   0x080050e5   Thumb Code    34  stm32f4xx_rcc.o(.text)
    RCC_AHB1PeriphResetCmd                   0x08005107   Thumb Code    34  stm32f4xx_rcc.o(.text)
    RCC_AHB2PeriphResetCmd                   0x08005129   Thumb Code    34  stm32f4xx_rcc.o(.text)
    RCC_AHB3PeriphResetCmd                   0x0800514b   Thumb Code    34  stm32f4xx_rcc.o(.text)
    RCC_APB1PeriphResetCmd                   0x0800516d   Thumb Code    34  stm32f4xx_rcc.o(.text)
    RCC_APB2PeriphResetCmd                   0x0800518f   Thumb Code    34  stm32f4xx_rcc.o(.text)
    RCC_AHB1PeriphClockLPModeCmd             0x080051b1   Thumb Code    34  stm32f4xx_rcc.o(.text)
    RCC_AHB2PeriphClockLPModeCmd             0x080051d3   Thumb Code    34  stm32f4xx_rcc.o(.text)
    RCC_AHB3PeriphClockLPModeCmd             0x080051f5   Thumb Code    34  stm32f4xx_rcc.o(.text)
    RCC_APB1PeriphClockLPModeCmd             0x08005217   Thumb Code    34  stm32f4xx_rcc.o(.text)
    RCC_APB2PeriphClockLPModeCmd             0x08005239   Thumb Code    34  stm32f4xx_rcc.o(.text)
    RCC_LSEModeConfig                        0x0800525b   Thumb Code    40  stm32f4xx_rcc.o(.text)
    RCC_ITConfig                             0x08005283   Thumb Code    34  stm32f4xx_rcc.o(.text)
    RCC_ClearFlag                            0x080052a5   Thumb Code    18  stm32f4xx_rcc.o(.text)
    RCC_GetITStatus                          0x080052b7   Thumb Code    22  stm32f4xx_rcc.o(.text)
    RCC_ClearITPendingBit                    0x080052cd   Thumb Code     8  stm32f4xx_rcc.o(.text)
    SYSCFG_DeInit                            0x080052d9   Thumb Code    22  stm32f4xx_syscfg.o(.text)
    SYSCFG_MemoryRemapConfig                 0x080052ef   Thumb Code     6  stm32f4xx_syscfg.o(.text)
    SYSCFG_MemorySwappingBank                0x080052f5   Thumb Code     6  stm32f4xx_syscfg.o(.text)
    SYSCFG_EXTILineConfig                    0x080052fb   Thumb Code    66  stm32f4xx_syscfg.o(.text)
    SYSCFG_ETH_MediaInterfaceConfig          0x0800533d   Thumb Code     8  stm32f4xx_syscfg.o(.text)
    SYSCFG_CompensationCellCmd               0x08005345   Thumb Code     6  stm32f4xx_syscfg.o(.text)
    SYSCFG_GetCompensationCellStatus         0x0800534b   Thumb Code    22  stm32f4xx_syscfg.o(.text)
    USART_DeInit                             0x0800536d   Thumb Code   206  stm32f4xx_usart.o(.text)
    USART_Init                               0x0800543b   Thumb Code   204  stm32f4xx_usart.o(.text)
    USART_StructInit                         0x08005507   Thumb Code    24  stm32f4xx_usart.o(.text)
    USART_ClockInit                          0x0800551f   Thumb Code    32  stm32f4xx_usart.o(.text)
    USART_ClockStructInit                    0x0800553f   Thumb Code    12  stm32f4xx_usart.o(.text)
    USART_Cmd                                0x0800554b   Thumb Code    24  stm32f4xx_usart.o(.text)
    USART_SetPrescaler                       0x08005563   Thumb Code    16  stm32f4xx_usart.o(.text)
    USART_OverSampling8Cmd                   0x08005573   Thumb Code    22  stm32f4xx_usart.o(.text)
    USART_OneBitMethodCmd                    0x08005589   Thumb Code    24  stm32f4xx_usart.o(.text)
    USART_SendData                           0x080055a1   Thumb Code     8  stm32f4xx_usart.o(.text)
    USART_ReceiveData                        0x080055a9   Thumb Code    10  stm32f4xx_usart.o(.text)
    USART_SetAddress                         0x080055b3   Thumb Code    18  stm32f4xx_usart.o(.text)
    USART_ReceiverWakeUpCmd                  0x080055c5   Thumb Code    24  stm32f4xx_usart.o(.text)
    USART_WakeUpConfig                       0x080055dd   Thumb Code    18  stm32f4xx_usart.o(.text)
    USART_LINBreakDetectLengthConfig         0x080055ef   Thumb Code    18  stm32f4xx_usart.o(.text)
    USART_LINCmd                             0x08005601   Thumb Code    24  stm32f4xx_usart.o(.text)
    USART_SendBreak                          0x08005619   Thumb Code    10  stm32f4xx_usart.o(.text)
    USART_HalfDuplexCmd                      0x08005623   Thumb Code    24  stm32f4xx_usart.o(.text)
    USART_SetGuardTime                       0x0800563b   Thumb Code    16  stm32f4xx_usart.o(.text)
    USART_SmartCardCmd                       0x0800564b   Thumb Code    24  stm32f4xx_usart.o(.text)
    USART_SmartCardNACKCmd                   0x08005663   Thumb Code    24  stm32f4xx_usart.o(.text)
    USART_IrDAConfig                         0x0800567b   Thumb Code    18  stm32f4xx_usart.o(.text)
    USART_IrDACmd                            0x0800568d   Thumb Code    24  stm32f4xx_usart.o(.text)
    USART_DMACmd                             0x080056a5   Thumb Code    18  stm32f4xx_usart.o(.text)
    USART_ITConfig                           0x080056b7   Thumb Code    74  stm32f4xx_usart.o(.text)
    USART_GetFlagStatus                      0x08005701   Thumb Code    26  stm32f4xx_usart.o(.text)
    USART_ClearFlag                          0x0800571b   Thumb Code    18  stm32f4xx_usart.o(.text)
    USART_GetITStatus                        0x0800572d   Thumb Code   118  stm32f4xx_usart.o(.text)
    USART_ClearITPendingBit                  0x080057a3   Thumb Code    30  stm32f4xx_usart.o(.text)
    TIM_DeInit                               0x080057c1   Thumb Code   346  stm32f4xx_tim.o(.text)
    TIM_TimeBaseInit                         0x0800591b   Thumb Code   104  stm32f4xx_tim.o(.text)
    TIM_TimeBaseStructInit                   0x08005983   Thumb Code    18  stm32f4xx_tim.o(.text)
    TIM_PrescalerConfig                      0x08005995   Thumb Code     6  stm32f4xx_tim.o(.text)
    TIM_CounterModeConfig                    0x0800599b   Thumb Code    18  stm32f4xx_tim.o(.text)
    TIM_SetCounter                           0x080059ad   Thumb Code     4  stm32f4xx_tim.o(.text)
    TIM_SetAutoreload                        0x080059b1   Thumb Code     4  stm32f4xx_tim.o(.text)
    TIM_GetCounter                           0x080059b5   Thumb Code     6  stm32f4xx_tim.o(.text)
    TIM_GetPrescaler                         0x080059bb   Thumb Code     6  stm32f4xx_tim.o(.text)
    TIM_UpdateDisableConfig                  0x080059c1   Thumb Code    24  stm32f4xx_tim.o(.text)
    TIM_UpdateRequestConfig                  0x080059d9   Thumb Code    24  stm32f4xx_tim.o(.text)
    TIM_ARRPreloadConfig                     0x080059f1   Thumb Code    24  stm32f4xx_tim.o(.text)
    TIM_SelectOnePulseMode                   0x08005a09   Thumb Code    18  stm32f4xx_tim.o(.text)
    TIM_SetClockDivision                     0x08005a1b   Thumb Code    18  stm32f4xx_tim.o(.text)
    TIM_Cmd                                  0x08005a2d   Thumb Code    24  stm32f4xx_tim.o(.text)
    TIM_OC1Init                              0x08005a45   Thumb Code   114  stm32f4xx_tim.o(.text)
    TIM_OC2Init                              0x08005ab7   Thumb Code   154  stm32f4xx_tim.o(.text)
    TIM_OC3Init                              0x08005b51   Thumb Code   204  stm32f4xx_tim.o(.text)
    TIM_OC4Init                              0x08005c1d   Thumb Code   112  stm32f4xx_tim.o(.text)
    TIM_OCStructInit                         0x08005c8d   Thumb Code    20  stm32f4xx_tim.o(.text)
    TIM_SelectOCxM                           0x08005ca1   Thumb Code    86  stm32f4xx_tim.o(.text)
    TIM_SetCompare1                          0x08005cf7   Thumb Code     4  stm32f4xx_tim.o(.text)
    TIM_SetCompare2                          0x08005cfb   Thumb Code     4  stm32f4xx_tim.o(.text)
    TIM_SetCompare3                          0x08005cff   Thumb Code     4  stm32f4xx_tim.o(.text)
    TIM_SetCompare4                          0x08005d03   Thumb Code     4  stm32f4xx_tim.o(.text)
    TIM_ForcedOC1Config                      0x08005d07   Thumb Code    18  stm32f4xx_tim.o(.text)
    TIM_ForcedOC2Config                      0x08005d19   Thumb Code    26  stm32f4xx_tim.o(.text)
    TIM_ForcedOC3Config                      0x08005d33   Thumb Code    18  stm32f4xx_tim.o(.text)
    TIM_ForcedOC4Config                      0x08005d45   Thumb Code    26  stm32f4xx_tim.o(.text)
    TIM_OC1PreloadConfig                     0x08005d5f   Thumb Code    18  stm32f4xx_tim.o(.text)
    TIM_OC2PreloadConfig                     0x08005d71   Thumb Code    26  stm32f4xx_tim.o(.text)
    TIM_OC3PreloadConfig                     0x08005d8b   Thumb Code    18  stm32f4xx_tim.o(.text)
    TIM_OC4PreloadConfig                     0x08005d9d   Thumb Code    26  stm32f4xx_tim.o(.text)
    TIM_OC1FastConfig                        0x08005db7   Thumb Code    18  stm32f4xx_tim.o(.text)
    TIM_OC2FastConfig                        0x08005dc9   Thumb Code    26  stm32f4xx_tim.o(.text)
    TIM_OC3FastConfig                        0x08005de3   Thumb Code    18  stm32f4xx_tim.o(.text)
    TIM_OC4FastConfig                        0x08005df5   Thumb Code    26  stm32f4xx_tim.o(.text)
    TIM_ClearOC1Ref                          0x08005e0f   Thumb Code    18  stm32f4xx_tim.o(.text)
    TIM_ClearOC2Ref                          0x08005e21   Thumb Code    24  stm32f4xx_tim.o(.text)
    TIM_ClearOC3Ref                          0x08005e39   Thumb Code    18  stm32f4xx_tim.o(.text)
    TIM_ClearOC4Ref                          0x08005e4b   Thumb Code    24  stm32f4xx_tim.o(.text)
    TIM_OC1PolarityConfig                    0x08005e63   Thumb Code    18  stm32f4xx_tim.o(.text)
    TIM_OC1NPolarityConfig                   0x08005e75   Thumb Code    18  stm32f4xx_tim.o(.text)
    TIM_OC2PolarityConfig                    0x08005e87   Thumb Code    26  stm32f4xx_tim.o(.text)
    TIM_OC2NPolarityConfig                   0x08005ea1   Thumb Code    26  stm32f4xx_tim.o(.text)
    TIM_OC3PolarityConfig                    0x08005ebb   Thumb Code    26  stm32f4xx_tim.o(.text)
    TIM_OC3NPolarityConfig                   0x08005ed5   Thumb Code    26  stm32f4xx_tim.o(.text)
    TIM_OC4PolarityConfig                    0x08005eef   Thumb Code    26  stm32f4xx_tim.o(.text)
    TIM_CCxCmd                               0x08005f09   Thumb Code    30  stm32f4xx_tim.o(.text)
    TIM_CCxNCmd                              0x08005f27   Thumb Code    30  stm32f4xx_tim.o(.text)
    TIM_SetIC4Prescaler                      0x08005f45   Thumb Code    26  stm32f4xx_tim.o(.text)
    TIM_SetIC3Prescaler                      0x08005faf   Thumb Code    18  stm32f4xx_tim.o(.text)
    TIM_SetIC2Prescaler                      0x08006009   Thumb Code    26  stm32f4xx_tim.o(.text)
    TIM_SetIC1Prescaler                      0x0800607d   Thumb Code    18  stm32f4xx_tim.o(.text)
    TIM_ICInit                               0x080060c9   Thumb Code   110  stm32f4xx_tim.o(.text)
    TIM_ICStructInit                         0x08006137   Thumb Code    18  stm32f4xx_tim.o(.text)
    TIM_PWMIConfig                           0x08006149   Thumb Code   124  stm32f4xx_tim.o(.text)
    TIM_GetCapture1                          0x080061c5   Thumb Code     6  stm32f4xx_tim.o(.text)
    TIM_GetCapture2                          0x080061cb   Thumb Code     6  stm32f4xx_tim.o(.text)
    TIM_GetCapture3                          0x080061d1   Thumb Code     6  stm32f4xx_tim.o(.text)
    TIM_GetCapture4                          0x080061d7   Thumb Code     6  stm32f4xx_tim.o(.text)
    TIM_BDTRConfig                           0x080061dd   Thumb Code    32  stm32f4xx_tim.o(.text)
    TIM_BDTRStructInit                       0x080061fd   Thumb Code    18  stm32f4xx_tim.o(.text)
    TIM_CtrlPWMOutputs                       0x0800620f   Thumb Code    30  stm32f4xx_tim.o(.text)
    TIM_SelectCOM                            0x0800622d   Thumb Code    24  stm32f4xx_tim.o(.text)
    TIM_CCPreloadControl                     0x08006245   Thumb Code    24  stm32f4xx_tim.o(.text)
    TIM_ITConfig                             0x0800625d   Thumb Code    18  stm32f4xx_tim.o(.text)
    TIM_GenerateEvent                        0x0800626f   Thumb Code     4  stm32f4xx_tim.o(.text)
    TIM_GetFlagStatus                        0x08006273   Thumb Code    18  stm32f4xx_tim.o(.text)
    TIM_ClearFlag                            0x08006285   Thumb Code     6  stm32f4xx_tim.o(.text)
    TIM_GetITStatus                          0x0800628b   Thumb Code    34  stm32f4xx_tim.o(.text)
    TIM_ClearITPendingBit                    0x080062ad   Thumb Code     6  stm32f4xx_tim.o(.text)
    TIM_DMAConfig                            0x080062b3   Thumb Code    10  stm32f4xx_tim.o(.text)
    TIM_DMACmd                               0x080062bd   Thumb Code    18  stm32f4xx_tim.o(.text)
    TIM_SelectCCDMA                          0x080062cf   Thumb Code    24  stm32f4xx_tim.o(.text)
    TIM_InternalClockConfig                  0x080062e7   Thumb Code    12  stm32f4xx_tim.o(.text)
    TIM_SelectInputTrigger                   0x080062f3   Thumb Code    18  stm32f4xx_tim.o(.text)
    TIM_ITRxExternalClockConfig              0x08006305   Thumb Code    24  stm32f4xx_tim.o(.text)
    TIM_TIxExternalClockConfig               0x0800631d   Thumb Code    62  stm32f4xx_tim.o(.text)
    TIM_ETRConfig                            0x0800635b   Thumb Code    28  stm32f4xx_tim.o(.text)
    TIM_ETRClockMode1Config                  0x08006377   Thumb Code    54  stm32f4xx_tim.o(.text)
    TIM_ETRClockMode2Config                  0x080063ad   Thumb Code    32  stm32f4xx_tim.o(.text)
    TIM_SelectOutputTrigger                  0x080063cd   Thumb Code    18  stm32f4xx_tim.o(.text)
    TIM_SelectSlaveMode                      0x080063df   Thumb Code    18  stm32f4xx_tim.o(.text)
    TIM_SelectMasterSlaveMode                0x080063f1   Thumb Code    18  stm32f4xx_tim.o(.text)
    TIM_EncoderInterfaceConfig               0x08006403   Thumb Code    66  stm32f4xx_tim.o(.text)
    TIM_SelectHallSensor                     0x08006445   Thumb Code    24  stm32f4xx_tim.o(.text)
    TIM_RemapConfig                          0x0800645d   Thumb Code     6  stm32f4xx_tim.o(.text)
    CAN_DeInit                               0x08006465   Thumb Code    50  stm32f4xx_can.o(.text)
    CAN_Init                                 0x08006497   Thumb Code   276  stm32f4xx_can.o(.text)
    CAN_FilterInit                           0x080065ab   Thumb Code   258  stm32f4xx_can.o(.text)
    CAN_StructInit                           0x080066ad   Thumb Code    32  stm32f4xx_can.o(.text)
    CAN_SlaveStartBank                       0x080066cd   Thumb Code    48  stm32f4xx_can.o(.text)
    CAN_DBGFreeze                            0x080066fd   Thumb Code    22  stm32f4xx_can.o(.text)
    CAN_TTComModeCmd                         0x08006713   Thumb Code   118  stm32f4xx_can.o(.text)
    CAN_Transmit                             0x08006789   Thumb Code   304  stm32f4xx_can.o(.text)
    CAN_TransmitStatus                       0x080068b9   Thumb Code   138  stm32f4xx_can.o(.text)
    CAN_CancelTransmit                       0x08006943   Thumb Code    48  stm32f4xx_can.o(.text)
    CAN_Receive                              0x08006973   Thumb Code   240  stm32f4xx_can.o(.text)
    CAN_FIFORelease                          0x08006a63   Thumb Code    22  stm32f4xx_can.o(.text)
    CAN_MessagePending                       0x08006a79   Thumb Code    30  stm32f4xx_can.o(.text)
    CAN_OperatingModeRequest                 0x08006a97   Thumb Code   162  stm32f4xx_can.o(.text)
    CAN_Sleep                                0x08006b39   Thumb Code    30  stm32f4xx_can.o(.text)
    CAN_WakeUp                               0x08006b57   Thumb Code    48  stm32f4xx_can.o(.text)
    CAN_GetLastErrorCode                     0x08006b87   Thumb Code    12  stm32f4xx_can.o(.text)
    CAN_GetReceiveErrorCounter               0x08006b93   Thumb Code    10  stm32f4xx_can.o(.text)
    CAN_GetLSBTransmitErrorCounter           0x08006b9d   Thumb Code    12  stm32f4xx_can.o(.text)
    CAN_ITConfig                             0x08006ba9   Thumb Code    18  stm32f4xx_can.o(.text)
    CAN_GetFlagStatus                        0x08006bbb   Thumb Code   120  stm32f4xx_can.o(.text)
    CAN_ClearFlag                            0x08006c33   Thumb Code    52  stm32f4xx_can.o(.text)
    CAN_GetITStatus                          0x08006c79   Thumb Code   310  stm32f4xx_can.o(.text)
    CAN_ClearITPendingBit                    0x08006daf   Thumb Code   162  stm32f4xx_can.o(.text)
    EXTI_DeInit                              0x08006e55   Thumb Code    28  stm32f4xx_exti.o(.text)
    EXTI_Init                                0x08006e71   Thumb Code   142  stm32f4xx_exti.o(.text)
    EXTI_StructInit                          0x08006eff   Thumb Code    16  stm32f4xx_exti.o(.text)
    EXTI_GenerateSWInterrupt                 0x08006f0f   Thumb Code    16  stm32f4xx_exti.o(.text)
    EXTI_GetFlagStatus                       0x08006f1f   Thumb Code    22  stm32f4xx_exti.o(.text)
    EXTI_ClearFlag                           0x08006f35   Thumb Code     8  stm32f4xx_exti.o(.text)
    EXTI_GetITStatus                         0x08006f3d   Thumb Code    22  stm32f4xx_exti.o(.text)
    EXTI_ClearITPendingBit                   0x08006f53   Thumb Code     8  stm32f4xx_exti.o(.text)
    usmart_sys_cmd_exe                       0x08006f65   Thumb Code  1554  usmart.o(.text)
    usmart_reset_runtime                     0x08007577   Thumb Code    38  usmart.o(.text)
    usmart_get_runtime                       0x0800759d   Thumb Code    60  usmart.o(.text)
    TIM4_IRQHandler                          0x080075d9   Thumb Code    46  usmart.o(.text)
    Timer4_Init                              0x08007607   Thumb Code    86  usmart.o(.text)
    usmart_init                              0x0800765d   Thumb Code    36  usmart.o(.text)
    usmart_cmd_rec                           0x08007681   Thumb Code   170  usmart.o(.text)
    usmart_exe                               0x0800772b   Thumb Code   868  usmart.o(.text)
    usmart_scan                              0x08007a8f   Thumb Code   120  usmart.o(.text)
    read_addr                                0x08007b07   Thumb Code     6  usmart.o(.text)
    write_addr                               0x08007b0d   Thumb Code     4  usmart.o(.text)
    usmart_strcmp                            0x08007b99   Thumb Code    34  usmart_str.o(.text)
    usmart_strcopy                           0x08007bbb   Thumb Code    22  usmart_str.o(.text)
    usmart_strlen                            0x08007bd1   Thumb Code    24  usmart_str.o(.text)
    usmart_pow                               0x08007be9   Thumb Code    22  usmart_str.o(.text)
    usmart_str2num                           0x08007bff   Thumb Code   202  usmart_str.o(.text)
    usmart_get_cmdname                       0x08007cc9   Thumb Code    54  usmart_str.o(.text)
    usmart_search_nextc                      0x08007cff   Thumb Code    22  usmart_str.o(.text)
    usmart_get_fname                         0x08007d15   Thumb Code   440  usmart_str.o(.text)
    usmart_get_aparm                         0x08007ecd   Thumb Code   200  usmart_str.o(.text)
    usmart_get_parmpos                       0x08007f95   Thumb Code    26  usmart_str.o(.text)
    usmart_get_fparam                        0x08007faf   Thumb Code   262  usmart_str.o(.text)
    Canopen_Can_Config                       0x08008169   Thumb Code   118  canopen_can.o(.text)
    Data_Transform                           0x080081df   Thumb Code   102  canopen_can.o(.text)
    Data_Analysis                            0x08008245   Thumb Code   402  canopen_can.o(.text)
    CAN2_RX0_IRQHandler                      0x080083d7   Thumb Code    72  canopen_can.o(.text)
    canSend                                  0x0800841f   Thumb Code    98  canopen_can.o(.text)
    Canopen_Timebase_Config                  0x08008549   Thumb Code    12  canopen_timebase.o(.text)
    setTimer                                 0x08008555   Thumb Code    16  canopen_timebase.o(.text)
    getElapsedTime                           0x08008565   Thumb Code     8  canopen_timebase.o(.text)
    TIM2_IRQHandler                          0x0800856d   Thumb Code    26  canopen_timebase.o(.text)
    OnNumberOfErrorsUpdate                   0x08008589   Thumb Code    44  emcy.o(.text)
    emergencyInit                            0x080085b5   Thumb Code    30  emcy.o(.text)
    emergencyStop                            0x080085d3   Thumb Code     2  emcy.o(.text)
    sendEMCY                                 0x080085d5   Thumb Code    88  emcy.o(.text)
    EMCY_setError                            0x0800862d   Thumb Code   294  emcy.o(.text)
    EMCY_errorRecovered                      0x08008753   Thumb Code   152  emcy.o(.text)
    proceedEMCY                              0x080087eb   Thumb Code    58  emcy.o(.text)
    _post_emcy                               0x08008825   Thumb Code     6  emcy.o(.text)
    getNodeState                             0x0800882d   Thumb Code    16  lifegrd.o(.text)
    ConsumerHeartbeatAlarm                   0x0800883d   Thumb Code    50  lifegrd.o(.text)
    proceedNODE_GUARD                        0x0800886f   Thumb Code   278  lifegrd.o(.text)
    ProducerHeartbeatAlarm                   0x08008985   Thumb Code    72  lifegrd.o(.text)
    GuardTimeAlarm                           0x080089cd   Thumb Code   118  lifegrd.o(.text)
    nodeguardInit                            0x08008a43   Thumb Code   134  lifegrd.o(.text)
    nodeguardStop                            0x08008ac9   Thumb Code    18  lifegrd.o(.text)
    OnNodeGuardUpdate                        0x08008adb   Thumb Code    24  lifegrd.o(.text)
    OnHeartbeatProducerUpdate                0x08008af3   Thumb Code    68  lifegrd.o(.text)
    heartbeatInit                            0x08008b37   Thumb Code   140  lifegrd.o(.text)
    heartbeatStop                            0x08008bc3   Thumb Code    56  lifegrd.o(.text)
    lifeGuardInit                            0x08008bfb   Thumb Code    18  lifegrd.o(.text)
    lifeGuardStop                            0x08008c0d   Thumb Code    18  lifegrd.o(.text)
    _heartbeatError                          0x08008c1f   Thumb Code     2  lifegrd.o(.text)
    _post_SlaveBootup                        0x08008c21   Thumb Code     2  lifegrd.o(.text)
    _post_SlaveStateChange                   0x08008c23   Thumb Code     2  lifegrd.o(.text)
    _nodeguardError                          0x08008c25   Thumb Code     2  lifegrd.o(.text)
    masterSendNMTstateChange                 0x08008c2d   Thumb Code    44  nmtmaster.o(.text)
    masterSendNMTnodeguard                   0x08008c59   Thumb Code    38  nmtmaster.o(.text)
    masterRequestNodeState                   0x08008c7f   Thumb Code    50  nmtmaster.o(.text)
    proceedNMTstateChange                    0x08008cb1   Thumb Code   224  nmtslave.o(.text)
    slaveSendBootUp                          0x08008d91   Thumb Code    46  nmtslave.o(.text)
    accessDictionaryError                    0x08008dc1   Thumb Code    10  objacces.o(.text)
    _getODentry                              0x08008dcb   Thumb Code   224  objacces.o(.text)
    _setODentry                              0x08008eab   Thumb Code   302  objacces.o(.text)
    RegisterSetODentryCallBack               0x08008fd9   Thumb Code    50  objacces.o(.text)
    _storeODSubIndex                         0x0800900b   Thumb Code     6  objacces.o(.text)
    CopyBits                                 0x08009021   Thumb Code   236  pdo.o(.text)
    buildPDO                                 0x0800910d   Thumb Code   238  pdo.o(.text)
    sendPDOrequest                           0x080091fb   Thumb Code    96  pdo.o(.text)
    PDOInhibitTimerAlarm                     0x08009287   Thumb Code    56  pdo.o(.text)
    sendOnePDOevent                          0x080092bf   Thumb Code   334  pdo.o(.text)
    PDOEventTimerAlarm                       0x0800940d   Thumb Code    46  pdo.o(.text)
    proceedPDO                               0x0800943b   Thumb Code   732  pdo.o(.text)
    _sendPDOevent                            0x08009717   Thumb Code   414  pdo.o(.text)
    sendPDOevent                             0x080098b5   Thumb Code    14  pdo.o(.text)
    _RxPDO_EventTimers_Handler               0x080098c3   Thumb Code     2  pdo.o(.text)
    TPDO_Communication_Parameter_Callback    0x080098c5   Thumb Code   148  pdo.o(.text)
    PDOInit                                  0x08009959   Thumb Code    84  pdo.o(.text)
    PDOStop                                  0x080099ad   Thumb Code   120  pdo.o(.text)
    PDOEnable                                0x08009a25   Thumb Code    48  pdo.o(.text)
    PDODisable                               0x08009a55   Thumb Code    48  pdo.o(.text)
    initSDOline                              0x08009a85   Thumb Code   444  sdo.o(.text)
    resetSDOline                             0x08009c41   Thumb Code    96  sdo.o(.text)
    sendSDO                                  0x08009ca1   Thumb Code   162  sdo.o(.text)
    sendSDOabort                             0x08009d43   Thumb Code    82  sdo.o(.text)
    SDOTimeoutAlarm                          0x08009d95   Thumb Code   312  sdo.o(.text)
    resetSDO                                 0x08009ecd   Thumb Code    26  sdo.o(.text)
    SDOlineToObjdict                         0x08009ee7   Thumb Code   172  sdo.o(.text)
    objdictToSDOline                         0x08009f93   Thumb Code   142  sdo.o(.text)
    lineToSDO                                0x0800a021   Thumb Code   176  sdo.o(.text)
    SDOtoLine                                0x0800a0d1   Thumb Code   134  sdo.o(.text)
    getSDOlineOnUse                          0x0800a157   Thumb Code   114  sdo.o(.text)
    failedSDO                                0x0800a1c9   Thumb Code   182  sdo.o(.text)
    getSDOfreeLine                           0x0800a27f   Thumb Code    70  sdo.o(.text)
    getSDOlineToClose                        0x0800a2c5   Thumb Code    92  sdo.o(.text)
    GetSDOClientFromNodeId                   0x0800a321   Thumb Code    84  sdo.o(.text)
    closeSDOtransfer                         0x0800a375   Thumb Code    64  sdo.o(.text)
    getSDOlineRestBytes                      0x0800a3b5   Thumb Code    74  sdo.o(.text)
    setSDOlineRestBytes                      0x0800a3ff   Thumb Code    34  sdo.o(.text)
    proceedSDO                               0x0800a421   Thumb Code 11072  sdo.o(.text)
    resetClientSDOLineFromNodeId             0x0800cf61   Thumb Code    52  sdo.o(.text)
    _writeNetworkDict                        0x0800cf95   Thumb Code   490  sdo.o(.text)
    writeNetworkDict                         0x0800d17f   Thumb Code    54  sdo.o(.text)
    writeNetworkDictCallBack                 0x0800d1b5   Thumb Code    46  sdo.o(.text)
    writeNetworkDictCallBackAI               0x0800d1e3   Thumb Code   194  sdo.o(.text)
    _readNetworkDict                         0x0800d2a5   Thumb Code   316  sdo.o(.text)
    readNetworkDict                          0x0800d3e1   Thumb Code    42  sdo.o(.text)
    readNetworkDictCallback                  0x0800d40b   Thumb Code    40  sdo.o(.text)
    readNetworkDictCallbackAI                0x0800d433   Thumb Code   186  sdo.o(.text)
    getReadResultNetworkDict                 0x0800d4ed   Thumb Code   386  sdo.o(.text)
    getWriteResultNetworkDict                0x0800d66f   Thumb Code   144  sdo.o(.text)
    getState                                 0x0800d701   Thumb Code     8  states.o(.text)
    canDispatch                              0x0800d709   Thumb Code   152  states.o(.text)
    switchCommunicationState                 0x0800d7a1   Thumb Code   284  states.o(.text)
    setState                                 0x0800d8bd   Thumb Code   200  states.o(.text)
    getNodeId                                0x0800d985   Thumb Code     8  states.o(.text)
    setNodeId                                0x0800d98d   Thumb Code   366  states.o(.text)
    _initialisation                          0x0800dafb   Thumb Code     2  states.o(.text)
    _preOperational                          0x0800dafd   Thumb Code    22  states.o(.text)
    _operational                             0x0800db13   Thumb Code     2  states.o(.text)
    _stopped                                 0x0800db15   Thumb Code     2  states.o(.text)
    proceedSYNC                              0x0800db1d   Thumb Code    44  sync.o(.text)
    sendSYNCMessage                          0x0800db49   Thumb Code    38  sync.o(.text)
    sendSYNC                                 0x0800db6f   Thumb Code    22  sync.o(.text)
    SyncAlarm                                0x0800db85   Thumb Code    14  sync.o(.text)
    stopSYNC                                 0x0800db93   Thumb Code    46  sync.o(.text)
    startSYNC                                0x0800dbc1   Thumb Code   102  sync.o(.text)
    OnCOB_ID_SyncUpdate                      0x0800dc27   Thumb Code    18  sync.o(.text)
    _post_sync                               0x0800dc39   Thumb Code     2  sync.o(.text)
    _post_TPDO                               0x0800dc3b   Thumb Code     2  sync.o(.text)
    SetAlarm                                 0x0800dc41   Thumb Code   170  timer.o(.text)
    DelAlarm                                 0x0800dceb   Thumb Code    46  timer.o(.text)
    TimeDispatch                             0x0800dd19   Thumb Code   178  timer.o(.text)
    __use_no_semihosting                     0x0800ddd9   Thumb Code     2  use_no_semi_2.o(.text)
    __aeabi_ldivmod                          0x0800dddb   Thumb Code     0  llsdiv.o(.text)
    _ll_sdiv                                 0x0800dddb   Thumb Code    72  llsdiv.o(.text)
    __2printf                                0x0800de25   Thumb Code    20  noretval__2printf.o(.text)
    _printf_pre_padding                      0x0800de3d   Thumb Code    44  _printf_pad.o(.text)
    _printf_post_padding                     0x0800de69   Thumb Code    34  _printf_pad.o(.text)
    _printf_str                              0x0800de8b   Thumb Code    82  _printf_str.o(.text)
    _printf_int_dec                          0x0800dedd   Thumb Code   104  _printf_dec.o(.text)
    _printf_int_hex                          0x0800df55   Thumb Code    84  _printf_hex_int.o(.text)
    _printf_longlong_hex                     0x0800df55   Thumb Code     0  _printf_hex_int.o(.text)
    __printf                                 0x0800dfad   Thumb Code   388  __printf_flags_ss_wp.o(.text)
    memcmp                                   0x0800e135   Thumb Code    88  memcmp.o(.text)
    __aeabi_memcpy                           0x0800e18d   Thumb Code     0  rt_memcpy_v6.o(.text)
    __rt_memcpy                              0x0800e18d   Thumb Code   138  rt_memcpy_v6.o(.text)
    _memcpy_lastbytes                        0x0800e1f3   Thumb Code     0  rt_memcpy_v6.o(.text)
    __aeabi_memset                           0x0800e217   Thumb Code    16  aeabi_memset.o(.text)
    __use_two_region_memory                  0x0800e227   Thumb Code     2  heapauxi.o(.text)
    __rt_heap_escrow$2region                 0x0800e229   Thumb Code     2  heapauxi.o(.text)
    __rt_heap_expand$2region                 0x0800e22b   Thumb Code     2  heapauxi.o(.text)
    __I$use$semihosting                      0x0800e22d   Thumb Code     0  use_no_semi.o(.text)
    __use_no_semihosting_swi                 0x0800e22d   Thumb Code     2  use_no_semi.o(.text)
    __aeabi_uldivmod                         0x0800e22f   Thumb Code     0  lludivv7m.o(.text)
    _ll_udiv                                 0x0800e22f   Thumb Code   238  lludivv7m.o(.text)
    __read_errno                             0x0800e31d   Thumb Code    10  _rserrno.o(.text)
    __set_errno                              0x0800e327   Thumb Code    12  _rserrno.o(.text)
    _printf_int_common                       0x0800e333   Thumb Code   178  _printf_intcommon.o(.text)
    _printf_cs_common                        0x0800e3e5   Thumb Code    20  _printf_char.o(.text)
    _printf_char                             0x0800e3f9   Thumb Code    16  _printf_char.o(.text)
    _printf_string                           0x0800e409   Thumb Code     8  _printf_char.o(.text)
    _printf_char_file                        0x0800e411   Thumb Code    32  _printf_char_file.o(.text)
    __aeabi_memcpy4                          0x0800e435   Thumb Code     0  rt_memcpy_w.o(.text)
    __aeabi_memcpy8                          0x0800e435   Thumb Code     0  rt_memcpy_w.o(.text)
    __rt_memcpy_w                            0x0800e435   Thumb Code   100  rt_memcpy_w.o(.text)
    _memcpy_lastbytes_aligned                0x0800e47d   Thumb Code     0  rt_memcpy_w.o(.text)
    __aeabi_memclr                           0x0800e499   Thumb Code     0  rt_memclr.o(.text)
    __rt_memclr                              0x0800e499   Thumb Code    68  rt_memclr.o(.text)
    _memset                                  0x0800e49d   Thumb Code     0  rt_memclr.o(.text)
    __aeabi_errno_addr                       0x0800e4dd   Thumb Code     8  rt_errno_addr_intlibspace.o(.text)
    __errno$intlibspace                      0x0800e4dd   Thumb Code     0  rt_errno_addr_intlibspace.o(.text)
    __rt_errno_addr$intlibspace              0x0800e4dd   Thumb Code     0  rt_errno_addr_intlibspace.o(.text)
    _printf_char_common                      0x0800e4ef   Thumb Code    32  _printf_char_common.o(.text)
    ferror                                   0x0800e515   Thumb Code     8  ferror.o(.text)
    __aeabi_memclr4                          0x0800e51d   Thumb Code     0  rt_memclr_w.o(.text)
    __aeabi_memclr8                          0x0800e51d   Thumb Code     0  rt_memclr_w.o(.text)
    __rt_memclr_w                            0x0800e51d   Thumb Code    78  rt_memclr_w.o(.text)
    _memset_w                                0x0800e521   Thumb Code     0  rt_memclr_w.o(.text)
    __user_libspace                          0x0800e56d   Thumb Code     8  libspace.o(.text)
    __user_perproc_libspace                  0x0800e56d   Thumb Code     0  libspace.o(.text)
    __user_perthread_libspace                0x0800e56d   Thumb Code     0  libspace.o(.text)
    __user_setup_stackheap                   0x0800e575   Thumb Code    74  sys_stackheap_outer.o(.text)
    exit                                     0x0800e5bf   Thumb Code    18  exit.o(.text)
    __ARM_fpclassify                         0x0800e5d1   Thumb Code    48  fpclassify.o(i.__ARM_fpclassify)
    __hardfp_asin                            0x0800e601   Thumb Code   770  asin.o(i.__hardfp_asin)
    __hardfp_atan                            0x0800e961   Thumb Code   622  atan.o(i.__hardfp_atan)
    __hardfp_atan2                           0x0800ec39   Thumb Code   432  atan2.o(i.__hardfp_atan2)
    __kernel_poly                            0x0800ee29   Thumb Code   248  poly.o(i.__kernel_poly)
    __mathlib_dbl_infnan                     0x0800ef21   Thumb Code    20  dunder.o(i.__mathlib_dbl_infnan)
    __mathlib_dbl_infnan2                    0x0800ef35   Thumb Code    20  dunder.o(i.__mathlib_dbl_infnan2)
    __mathlib_dbl_invalid                    0x0800ef49   Thumb Code    24  dunder.o(i.__mathlib_dbl_invalid)
    __mathlib_dbl_underflow                  0x0800ef69   Thumb Code    24  dunder.o(i.__mathlib_dbl_underflow)
    _is_digit                                0x0800ef89   Thumb Code    14  __printf_wp.o(i._is_digit)
    atan                                     0x0800ef97   Thumb Code    16  atan.o(i.atan)
    fabs                                     0x0800efa7   Thumb Code    24  fabs.o(i.fabs)
    sqrt                                     0x0800efbf   Thumb Code   110  sqrt.o(i.sqrt)
    __aeabi_dneg                             0x0800f02d   Thumb Code     0  basic.o(x$fpl$basic)
    _dneg                                    0x0800f02d   Thumb Code     6  basic.o(x$fpl$basic)
    __aeabi_fneg                             0x0800f033   Thumb Code     0  basic.o(x$fpl$basic)
    _fneg                                    0x0800f033   Thumb Code     6  basic.o(x$fpl$basic)
    _dabs                                    0x0800f039   Thumb Code     6  basic.o(x$fpl$basic)
    _fabs                                    0x0800f03f   Thumb Code     6  basic.o(x$fpl$basic)
    __aeabi_d2f                              0x0800f045   Thumb Code     0  d2f.o(x$fpl$d2f)
    _d2f                                     0x0800f045   Thumb Code    98  d2f.o(x$fpl$d2f)
    __aeabi_dadd                             0x0800f0a9   Thumb Code     0  daddsub_clz.o(x$fpl$dadd)
    _dadd                                    0x0800f0a9   Thumb Code   332  daddsub_clz.o(x$fpl$dadd)
    __aeabi_ddiv                             0x0800f1f9   Thumb Code     0  ddiv.o(x$fpl$ddiv)
    _ddiv                                    0x0800f1f9   Thumb Code   552  ddiv.o(x$fpl$ddiv)
    __aeabi_i2d                              0x0800f4a9   Thumb Code     0  dflt_clz.o(x$fpl$dflt)
    _dflt                                    0x0800f4a9   Thumb Code    46  dflt_clz.o(x$fpl$dflt)
    __aeabi_dmul                             0x0800f4d9   Thumb Code     0  dmul.o(x$fpl$dmul)
    _dmul                                    0x0800f4d9   Thumb Code   332  dmul.o(x$fpl$dmul)
    __fpl_dnaninf                            0x0800f62d   Thumb Code   156  dnaninf.o(x$fpl$dnaninf)
    __fpl_dretinf                            0x0800f6c9   Thumb Code    12  dretinf.o(x$fpl$dretinf)
    __aeabi_drsub                            0x0800f6d5   Thumb Code     0  daddsub_clz.o(x$fpl$drsb)
    _drsb                                    0x0800f6d5   Thumb Code    22  daddsub_clz.o(x$fpl$drsb)
    _dsqrt                                   0x0800f6ed   Thumb Code   404  dsqrt_umaal.o(x$fpl$dsqrt)
    __aeabi_dsub                             0x0800f885   Thumb Code     0  daddsub_clz.o(x$fpl$dsub)
    _dsub                                    0x0800f885   Thumb Code   464  daddsub_clz.o(x$fpl$dsub)
    __aeabi_f2d                              0x0800fa59   Thumb Code     0  f2d.o(x$fpl$f2d)
    _f2d                                     0x0800fa59   Thumb Code    86  f2d.o(x$fpl$f2d)
    __fpl_fnaninf                            0x0800faaf   Thumb Code   140  fnaninf.o(x$fpl$fnaninf)
    _fp_init                                 0x0800fb3b   Thumb Code    10  fpinit.o(x$fpl$fpinit)
    __fplib_config_fpu_vfp                   0x0800fb43   Thumb Code     0  fpinit.o(x$fpl$fpinit)
    __fplib_config_pureend_doubles           0x0800fb43   Thumb Code     0  fpinit.o(x$fpl$fpinit)
    __fpl_fretinf                            0x0800fb45   Thumb Code    10  fretinf.o(x$fpl$fretinf)
    __I$use$fp                               0x0800fb4e   Number         0  usenofp.o(x$fpl$usenofp)
    masterobject_iam_a_slave                 0x0800fb50   Data           1  masterobject.o(.constdata)
    masterobject_objdict                     0x0800fb54   Data          72  masterobject.o(.constdata)
    masterobject_firstIndex                  0x0800fb9c   Data          12  masterobject.o(.constdata)
    masterobject_lastIndex                   0x0800fba8   Data          12  masterobject.o(.constdata)
    masterobject_ObjdictSize                 0x0800fbb4   Data           2  masterobject.o(.constdata)
    reg                                      0x0800fbb8   Data          27  inv_mpu.o(.constdata)
    hw                                       0x0800fbd4   Data          12  inv_mpu.o(.constdata)
    test                                     0x0800fbe0   Data          40  inv_mpu.o(.constdata)
    __mathlib_zero                           0x08010968   Data           8  qnan.o(.constdata)
    Region$$Table$$Base                      0x08010ab4   Number         0  anon$$obj.o(Region$$Table)
    Region$$Table$$Limit                     0x08010ad4   Number         0  anon$$obj.o(Region$$Table)
    SystemCoreClock                          0x20000000   Data           4  system_stm32f4xx.o(.data)
    AHBPrescTable                            0x20000004   Data          16  system_stm32f4xx.o(.data)
    Target_position                          0x20000014   Data           4  masterobject.o(.data)
    masterobject_bDeviceNodeId               0x20000018   Data           1  masterobject.o(.data)
    masterobject_heartBeatTimers             0x2000001a   Data           2  masterobject.o(.data)
    masterobject_obj1000                     0x2000001c   Data           4  masterobject.o(.data)
    masterobject_Index1000                   0x20000020   Data          16  masterobject.o(.data)
    masterobject_obj1001                     0x20000030   Data           1  masterobject.o(.data)
    masterobject_Index1001                   0x20000034   Data          16  masterobject.o(.data)
    masterobject_highestSubIndex_obj1003     0x20000044   Data           1  masterobject.o(.data)
    masterobject_obj1003                     0x20000048   Data           4  masterobject.o(.data)
    masterobject_Index1003                   0x2000004c   Data          32  masterobject.o(.data)
    masterobject_obj1005                     0x2000006c   Data           4  masterobject.o(.data)
    masterobject_obj1006                     0x20000070   Data           4  masterobject.o(.data)
    masterobject_obj100C                     0x20000074   Data           2  masterobject.o(.data)
    masterobject_obj100D                     0x20000076   Data           1  masterobject.o(.data)
    masterobject_obj1014                     0x20000078   Data           4  masterobject.o(.data)
    masterobject_highestSubIndex_obj1016     0x2000007c   Data           1  masterobject.o(.data)
    masterobject_obj1016                     0x20000080   Data           4  masterobject.o(.data)
    masterobject_obj1017                     0x20000084   Data           2  masterobject.o(.data)
    masterobject_Index1017                   0x20000088   Data          16  masterobject.o(.data)
    masterobject_highestSubIndex_obj1018     0x20000098   Data           1  masterobject.o(.data)
    masterobject_obj1018_Vendor_ID           0x2000009c   Data           4  masterobject.o(.data)
    masterobject_obj1018_Product_Code        0x200000a0   Data           4  masterobject.o(.data)
    masterobject_obj1018_Revision_Number     0x200000a4   Data           4  masterobject.o(.data)
    masterobject_obj1018_Serial_Number       0x200000a8   Data           4  masterobject.o(.data)
    masterobject_Index1018                   0x200000ac   Data          80  masterobject.o(.data)
    masterobject_highestSubIndex_obj1280     0x200000fc   Data           1  masterobject.o(.data)
    masterobject_obj1280_COB_ID_Client_to_Server_Transmit_SDO 0x20000100   Data           4  masterobject.o(.data)
    masterobject_obj1280_COB_ID_Server_to_Client_Receive_SDO 0x20000104   Data           4  masterobject.o(.data)
    masterobject_obj1280_Node_ID_of_the_SDO_Server 0x20000108   Data           1  masterobject.o(.data)
    masterobject_Index1280                   0x2000010c   Data          64  masterobject.o(.data)
    masterobject_highestSubIndex_obj1281     0x2000014c   Data           1  masterobject.o(.data)
    masterobject_obj1281_COB_ID_Client_to_Server_Transmit_SDO 0x20000150   Data           4  masterobject.o(.data)
    masterobject_obj1281_COB_ID_Server_to_Client_Receive_SDO 0x20000154   Data           4  masterobject.o(.data)
    masterobject_obj1281_Node_ID_of_the_SDO_Server 0x20000158   Data           1  masterobject.o(.data)
    masterobject_Index1281                   0x2000015c   Data          64  masterobject.o(.data)
    masterobject_highestSubIndex_obj1282     0x2000019c   Data           1  masterobject.o(.data)
    masterobject_obj1282_COB_ID_Client_to_Server_Transmit_SDO 0x200001a0   Data           4  masterobject.o(.data)
    masterobject_obj1282_COB_ID_Server_to_Client_Receive_SDO 0x200001a4   Data           4  masterobject.o(.data)
    masterobject_obj1282_Node_ID_of_the_SDO_Server 0x200001a8   Data           1  masterobject.o(.data)
    masterobject_Index1282                   0x200001ac   Data          64  masterobject.o(.data)
    masterobject_highestSubIndex_obj1283     0x200001ec   Data           1  masterobject.o(.data)
    masterobject_obj1283_COB_ID_Client_to_Server_Transmit_SDO 0x200001f0   Data           4  masterobject.o(.data)
    masterobject_obj1283_COB_ID_Server_to_Client_Receive_SDO 0x200001f4   Data           4  masterobject.o(.data)
    masterobject_obj1283_Node_ID_of_the_SDO_Server 0x200001f8   Data           1  masterobject.o(.data)
    masterobject_Index1283                   0x200001fc   Data          64  masterobject.o(.data)
    masterobject_Index607A                   0x2000023c   Data          16  masterobject.o(.data)
    masterobject_PDO_status                  0x2000024c   Data          18  masterobject.o(.data)
    masterobject_Data                        0x20000260   Data         576  masterobject.o(.data)
    ap_angle                                 0x200004dc   Data           4  timer3.o(.data)
    pitch                                    0x200004e0   Data           4  timer3.o(.data)
    roll                                     0x200004e4   Data           4  timer3.o(.data)
    yaw                                      0x200004e8   Data           4  timer3.o(.data)
    count                                    0x200004ec   Data           4  timer3.o(.data)
    leftElmoRestartFlag                      0x200004f0   Data           1  motor.o(.data)
    rightElmoRestartFlag                     0x200004f1   Data           1  motor.o(.data)
    halit_datasend                           0x200004f2   Data           8  motor.o(.data)
    vol_enable_datasend                      0x200004fa   Data           8  motor.o(.data)
    switch_on_datasend                       0x20000502   Data           8  motor.o(.data)
    operation_en_datasend                    0x2000050a   Data           8  motor.o(.data)
    stop_datasend                            0x20000512   Data           8  motor.o(.data)
    velocity_mode_datasend                   0x2000051a   Data           8  motor.o(.data)
    current_mode_datasend                    0x20000522   Data           8  motor.o(.data)
    acc_datasend                             0x2000052a   Data           8  motor.o(.data)
    dec_datasend                             0x20000532   Data           8  motor.o(.data)
    st_dec_datasend                          0x2000053a   Data           8  motor.o(.data)
    target_speed_datasend                    0x20000542   Data           8  motor.o(.data)
    read_rated_current_datasend              0x2000054a   Data           8  motor.o(.data)
    max_current_datasend                     0x20000552   Data           8  motor.o(.data)
    target_current_datasend                  0x2000055a   Data           8  motor.o(.data)
    get_anglex_datasend                      0x20000562   Data           8  motor.o(.data)
    get_angley_datasend                      0x2000056a   Data           8  motor.o(.data)
    get_anglez_datasend                      0x20000572   Data           8  motor.o(.data)
    get_anglex2_datasend                     0x2000057a   Data           8  motor.o(.data)
    get_angley2_datasend                     0x20000582   Data           8  motor.o(.data)
    get_anglez2_datasend                     0x2000058a   Data           8  motor.o(.data)
    __stdout                                 0x20000598   Data           4  usart.o(.data)
    USART_RX_STA                             0x2000059c   Data           2  usart.o(.data)
    sys_cmd_tab                              0x200005b0   Data          28  usmart.o(.data)
    usmart_nametab                           0x200005cc   Data          56  usmart_config.o(.data)
    usmart_dev                               0x20000604   Data         244  usmart_config.o(.data)
    leftElmoInitFlag                         0x200006f8   Data           1  canopen_can.o(.data)
    rightElmoInitFlag                        0x200006f9   Data           1  canopen_can.o(.data)
    leftElmo6040Flag                         0x200006fa   Data           1  canopen_can.o(.data)
    rightElmo6040Flag                        0x200006fb   Data           1  canopen_can.o(.data)
    leftElmoTqrFlag                          0x200006fc   Data           1  canopen_can.o(.data)
    rightElmoTqrFlag                         0x200006fd   Data           1  canopen_can.o(.data)
    leftElmoModeFlag                         0x200006fe   Data           1  canopen_can.o(.data)
    rightElmoModeFlag                        0x200006ff   Data           1  canopen_can.o(.data)
    leftElmoMaxFlag                          0x20000700   Data           1  canopen_can.o(.data)
    rightElmoMaxFlag                         0x20000701   Data           1  canopen_can.o(.data)
    angle_x                                  0x20000704   Data           4  canopen_can.o(.data)
    angle_y                                  0x20000708   Data           4  canopen_can.o(.data)
    angle_z                                  0x2000070c   Data           4  canopen_can.o(.data)
    angle_x2                                 0x20000710   Data           4  canopen_can.o(.data)
    angle_y2                                 0x20000714   Data           4  canopen_can.o(.data)
    angle_z2                                 0x20000718   Data           4  canopen_can.o(.data)
    total_sleep_time                         0x2000071c   Data           4  timer.o(.data)
    last_timer_raw                           0x20000720   Data           2  timer.o(.data)
    tdcount                                  0x20000724   Data           4  timer.o(.data)
    amplify_pitch                            0x20000738   Data          12  timer3.o(.bss)
    amplify_roll                             0x20000744   Data          12  timer3.o(.bss)
    amplify_yaw                              0x20000750   Data          12  timer3.o(.bss)
    USART_RX_BUF                             0x2000075c   Data         200  usart.o(.bss)
    Rx_Message                               0x20000824   Data          12  canopen_can.o(.bss)
    timers                                   0x20000830   Data         192  timer.o(.bss)
    __libspace_start                         0x200008f0   Data          96  libspace.o(.bss)
    __temporary_stack_top$libspace           0x20000950   Data           0  libspace.o(.bss)



==============================================================================

Memory Map of the image

  Image Entry point : 0x08000189

  Load Region LR_IROM1 (Base: 0x08000000, Size: 0x000111fc, Max: 0x00100000, ABSOLUTE, COMPRESSED[0x00010cf8])

    Execution Region ER_IROM1 (Exec base: 0x08000000, Load base: 0x08000000, Size: 0x00010ad4, Max: 0x00100000, ABSOLUTE)

    Exec Addr    Load Addr    Size         Type   Attr      Idx    E Section Name        Object

    0x08000000   0x08000000   0x00000188   Data   RO          755    RESET               startup_stm32f40_41xxx.o
    0x08000188   0x08000188   0x00000008   Code   RO         1405  * !!!main             c_w.l(__main.o)
    0x08000190   0x08000190   0x00000034   Code   RO         1722    !!!scatter          c_w.l(__scatter.o)
    0x080001c4   0x080001c4   0x0000005a   Code   RO         1720    !!dczerorl2         c_w.l(__dczerorl2.o)
    0x0800021e   0x0800021e   0x00000002   PAD
    0x08000220   0x08000220   0x0000001c   Code   RO         1724    !!handler_zi        c_w.l(__scatter_zi.o)
    0x0800023c   0x0800023c   0x00000000   Code   RO         1396    .ARM.Collect$$_printf_percent$$00000000  c_w.l(_printf_percent.o)
    0x0800023c   0x0800023c   0x00000006   Code   RO         1394    .ARM.Collect$$_printf_percent$$00000009  c_w.l(_printf_d.o)
    0x08000242   0x08000242   0x00000006   Code   RO         1395    .ARM.Collect$$_printf_percent$$0000000A  c_w.l(_printf_u.o)
    0x08000248   0x08000248   0x00000006   Code   RO         1393    .ARM.Collect$$_printf_percent$$0000000C  c_w.l(_printf_x.o)
    0x0800024e   0x0800024e   0x00000006   Code   RO         1391    .ARM.Collect$$_printf_percent$$00000013  c_w.l(_printf_c.o)
    0x08000254   0x08000254   0x00000006   Code   RO         1392    .ARM.Collect$$_printf_percent$$00000014  c_w.l(_printf_s.o)
    0x0800025a   0x0800025a   0x00000004   Code   RO         1472    .ARM.Collect$$_printf_percent$$00000017  c_w.l(_printf_percent_end.o)
    0x0800025e   0x0800025e   0x00000002   Code   RO         1591    .ARM.Collect$$libinit$$00000000  c_w.l(libinit.o)
    0x08000260   0x08000260   0x00000004   Code   RO         1600    .ARM.Collect$$libinit$$00000001  c_w.l(libinit2.o)
    0x08000264   0x08000264   0x00000000   Code   RO         1603    .ARM.Collect$$libinit$$00000004  c_w.l(libinit2.o)
    0x08000264   0x08000264   0x00000000   Code   RO         1606    .ARM.Collect$$libinit$$0000000A  c_w.l(libinit2.o)
    0x08000264   0x08000264   0x00000000   Code   RO         1608    .ARM.Collect$$libinit$$0000000C  c_w.l(libinit2.o)
    0x08000264   0x08000264   0x00000000   Code   RO         1610    .ARM.Collect$$libinit$$0000000E  c_w.l(libinit2.o)
    0x08000264   0x08000264   0x00000000   Code   RO         1613    .ARM.Collect$$libinit$$00000011  c_w.l(libinit2.o)
    0x08000264   0x08000264   0x00000000   Code   RO         1615    .ARM.Collect$$libinit$$00000013  c_w.l(libinit2.o)
    0x08000264   0x08000264   0x00000000   Code   RO         1617    .ARM.Collect$$libinit$$00000015  c_w.l(libinit2.o)
    0x08000264   0x08000264   0x00000000   Code   RO         1619    .ARM.Collect$$libinit$$00000017  c_w.l(libinit2.o)
    0x08000264   0x08000264   0x00000000   Code   RO         1621    .ARM.Collect$$libinit$$00000019  c_w.l(libinit2.o)
    0x08000264   0x08000264   0x00000000   Code   RO         1623    .ARM.Collect$$libinit$$0000001B  c_w.l(libinit2.o)
    0x08000264   0x08000264   0x00000000   Code   RO         1625    .ARM.Collect$$libinit$$0000001D  c_w.l(libinit2.o)
    0x08000264   0x08000264   0x00000000   Code   RO         1627    .ARM.Collect$$libinit$$0000001F  c_w.l(libinit2.o)
    0x08000264   0x08000264   0x00000000   Code   RO         1629    .ARM.Collect$$libinit$$00000021  c_w.l(libinit2.o)
    0x08000264   0x08000264   0x00000000   Code   RO         1631    .ARM.Collect$$libinit$$00000023  c_w.l(libinit2.o)
    0x08000264   0x08000264   0x00000000   Code   RO         1633    .ARM.Collect$$libinit$$00000025  c_w.l(libinit2.o)
    0x08000264   0x08000264   0x00000000   Code   RO         1637    .ARM.Collect$$libinit$$0000002C  c_w.l(libinit2.o)
    0x08000264   0x08000264   0x00000000   Code   RO         1639    .ARM.Collect$$libinit$$0000002E  c_w.l(libinit2.o)
    0x08000264   0x08000264   0x00000000   Code   RO         1641    .ARM.Collect$$libinit$$00000030  c_w.l(libinit2.o)
    0x08000264   0x08000264   0x00000000   Code   RO         1643    .ARM.Collect$$libinit$$00000032  c_w.l(libinit2.o)
    0x08000264   0x08000264   0x00000002   Code   RO         1644    .ARM.Collect$$libinit$$00000033  c_w.l(libinit2.o)
    0x08000266   0x08000266   0x00000002   Code   RO         1672    .ARM.Collect$$libshutdown$$00000000  c_w.l(libshutdown.o)
    0x08000268   0x08000268   0x00000000   Code   RO         1686    .ARM.Collect$$libshutdown$$00000002  c_w.l(libshutdown2.o)
    0x08000268   0x08000268   0x00000000   Code   RO         1688    .ARM.Collect$$libshutdown$$00000004  c_w.l(libshutdown2.o)
    0x08000268   0x08000268   0x00000000   Code   RO         1691    .ARM.Collect$$libshutdown$$00000007  c_w.l(libshutdown2.o)
    0x08000268   0x08000268   0x00000000   Code   RO         1694    .ARM.Collect$$libshutdown$$0000000A  c_w.l(libshutdown2.o)
    0x08000268   0x08000268   0x00000000   Code   RO         1696    .ARM.Collect$$libshutdown$$0000000C  c_w.l(libshutdown2.o)
    0x08000268   0x08000268   0x00000000   Code   RO         1699    .ARM.Collect$$libshutdown$$0000000F  c_w.l(libshutdown2.o)
    0x08000268   0x08000268   0x00000002   Code   RO         1700    .ARM.Collect$$libshutdown$$00000010  c_w.l(libshutdown2.o)
    0x0800026a   0x0800026a   0x00000000   Code   RO         1461    .ARM.Collect$$rtentry$$00000000  c_w.l(__rtentry.o)
    0x0800026a   0x0800026a   0x00000000   Code   RO         1540    .ARM.Collect$$rtentry$$00000002  c_w.l(__rtentry2.o)
    0x0800026a   0x0800026a   0x00000006   Code   RO         1552    .ARM.Collect$$rtentry$$00000004  c_w.l(__rtentry4.o)
    0x08000270   0x08000270   0x00000000   Code   RO         1542    .ARM.Collect$$rtentry$$00000009  c_w.l(__rtentry2.o)
    0x08000270   0x08000270   0x00000004   Code   RO         1543    .ARM.Collect$$rtentry$$0000000A  c_w.l(__rtentry2.o)
    0x08000274   0x08000274   0x00000000   Code   RO         1545    .ARM.Collect$$rtentry$$0000000C  c_w.l(__rtentry2.o)
    0x08000274   0x08000274   0x00000008   Code   RO         1546    .ARM.Collect$$rtentry$$0000000D  c_w.l(__rtentry2.o)
    0x0800027c   0x0800027c   0x00000002   Code   RO         1594    .ARM.Collect$$rtexit$$00000000  c_w.l(rtexit.o)
    0x0800027e   0x0800027e   0x00000000   Code   RO         1646    .ARM.Collect$$rtexit$$00000002  c_w.l(rtexit2.o)
    0x0800027e   0x0800027e   0x00000004   Code   RO         1647    .ARM.Collect$$rtexit$$00000003  c_w.l(rtexit2.o)
    0x08000282   0x08000282   0x00000006   Code   RO         1648    .ARM.Collect$$rtexit$$00000004  c_w.l(rtexit2.o)
    0x08000288   0x08000288   0x00000294   Code   RO            3    .text               main.o
    0x0800051c   0x0800051c   0x0000001a   Code   RO          232    .text               stm32f4xx_it.o
    0x08000536   0x08000536   0x00000002   PAD
    0x08000538   0x08000538   0x00000210   Code   RO          281    .text               system_stm32f4xx.o
    0x08000748   0x08000748   0x0000009c   Code   RO          305    .text               masterobject.o
    0x080007e4   0x080007e4   0x00000104   Code   RO          353    .text               key.o
    0x080008e8   0x080008e8   0x0000025c   Code   RO          412    .text               myiic.o
    0x08000b44   0x08000b44   0x00000384   Code   RO          432    .text               mpu6050.o
    0x08000ec8   0x08000ec8   0x000022c0   Code   RO          452    .text               inv_mpu.o
    0x08003188   0x08003188   0x00000d90   Code   RO          493    .text               inv_mpu_dmp_motion_driver.o
    0x08003f18   0x08003f18   0x000001e4   Code   RO          526    .text               timer3.o
    0x080040fc   0x080040fc   0x0000016c   Code   RO          590    .text               exti.o
    0x08004268   0x08004268   0x00000348   Code   RO          613    .text               motor.o
    0x080045b0   0x080045b0   0x000000cc   Code   RO          664    .text               usart_mpu.o
    0x0800467c   0x0800467c   0x00000104   Code   RO          684    .text               delay.o
    0x08004780   0x08004780   0x00000148   Code   RO          724    .text               usart.o
    0x080048c8   0x080048c8   0x00000040   Code   RO          756    .text               startup_stm32f40_41xxx.o
    0x08004908   0x08004908   0x000000e0   Code   RO          762    .text               misc.o
    0x080049e8   0x080049e8   0x00000294   Code   RO          805    .text               stm32f4xx_gpio.o
    0x08004c7c   0x08004c7c   0x0000065c   Code   RO          825    .text               stm32f4xx_rcc.o
    0x080052d8   0x080052d8   0x00000094   Code   RO          847    .text               stm32f4xx_syscfg.o
    0x0800536c   0x0800536c   0x00000454   Code   RO          867    .text               stm32f4xx_usart.o
    0x080057c0   0x080057c0   0x00000ca2   Code   RO          887    .text               stm32f4xx_tim.o
    0x08006462   0x08006462   0x00000002   PAD
    0x08006464   0x08006464   0x000009f0   Code   RO          907    .text               stm32f4xx_can.o
    0x08006e54   0x08006e54   0x00000110   Code   RO          970    .text               stm32f4xx_exti.o
    0x08006f64   0x08006f64   0x00000c34   Code   RO          990    .text               usmart.o
    0x08007b98   0x08007b98   0x00000528   Code   RO         1042    .text               usmart_str.o
    0x080080c0   0x080080c0   0x00000408   Code   RO         1082    .text               canopen_can.o
    0x080084c8   0x080084c8   0x000000be   Code   RO         1110    .text               canopen_timebase.o
    0x08008586   0x08008586   0x00000002   PAD
    0x08008588   0x08008588   0x000002a2   Code   RO         1146    .text               emcy.o
    0x0800882a   0x0800882a   0x00000002   PAD
    0x0800882c   0x0800882c   0x00000400   Code   RO         1158    .text               lifegrd.o
    0x08008c2c   0x08008c2c   0x00000084   Code   RO         1179    .text               nmtmaster.o
    0x08008cb0   0x08008cb0   0x0000010e   Code   RO         1191    .text               nmtslave.o
    0x08008dbe   0x08008dbe   0x00000002   PAD
    0x08008dc0   0x08008dc0   0x00000260   Code   RO         1226    .text               objacces.o
    0x08009020   0x08009020   0x00000a64   Code   RO         1238    .text               pdo.o
    0x08009a84   0x08009a84   0x00003c7a   Code   RO         1273    .text               sdo.o
    0x0800d6fe   0x0800d6fe   0x00000002   PAD
    0x0800d700   0x0800d700   0x0000041c   Code   RO         1288    .text               states.o
    0x0800db1c   0x0800db1c   0x00000124   Code   RO         1301    .text               sync.o
    0x0800dc40   0x0800dc40   0x00000198   Code   RO         1313    .text               timer.o
    0x0800ddd8   0x0800ddd8   0x00000002   Code   RO         1334    .text               c_w.l(use_no_semi_2.o)
    0x0800ddda   0x0800ddda   0x00000048   Code   RO         1336    .text               c_w.l(llsdiv.o)
    0x0800de22   0x0800de22   0x00000002   PAD
    0x0800de24   0x0800de24   0x00000018   Code   RO         1340    .text               c_w.l(noretval__2printf.o)
    0x0800de3c   0x0800de3c   0x0000004e   Code   RO         1344    .text               c_w.l(_printf_pad.o)
    0x0800de8a   0x0800de8a   0x00000052   Code   RO         1346    .text               c_w.l(_printf_str.o)
    0x0800dedc   0x0800dedc   0x00000078   Code   RO         1348    .text               c_w.l(_printf_dec.o)
    0x0800df54   0x0800df54   0x00000058   Code   RO         1353    .text               c_w.l(_printf_hex_int.o)
    0x0800dfac   0x0800dfac   0x00000188   Code   RO         1388    .text               c_w.l(__printf_flags_ss_wp.o)
    0x0800e134   0x0800e134   0x00000058   Code   RO         1397    .text               c_w.l(memcmp.o)
    0x0800e18c   0x0800e18c   0x0000008a   Code   RO         1399    .text               c_w.l(rt_memcpy_v6.o)
    0x0800e216   0x0800e216   0x00000010   Code   RO         1401    .text               c_w.l(aeabi_memset.o)
    0x0800e226   0x0800e226   0x00000006   Code   RO         1403    .text               c_w.l(heapauxi.o)
    0x0800e22c   0x0800e22c   0x00000002   Code   RO         1459    .text               c_w.l(use_no_semi.o)
    0x0800e22e   0x0800e22e   0x000000ee   Code   RO         1462    .text               c_w.l(lludivv7m.o)
    0x0800e31c   0x0800e31c   0x00000016   Code   RO         1464    .text               c_w.l(_rserrno.o)
    0x0800e332   0x0800e332   0x000000b2   Code   RO         1466    .text               c_w.l(_printf_intcommon.o)
    0x0800e3e4   0x0800e3e4   0x0000002c   Code   RO         1468    .text               c_w.l(_printf_char.o)
    0x0800e410   0x0800e410   0x00000024   Code   RO         1470    .text               c_w.l(_printf_char_file.o)
    0x0800e434   0x0800e434   0x00000064   Code   RO         1473    .text               c_w.l(rt_memcpy_w.o)
    0x0800e498   0x0800e498   0x00000044   Code   RO         1475    .text               c_w.l(rt_memclr.o)
    0x0800e4dc   0x0800e4dc   0x00000008   Code   RO         1561    .text               c_w.l(rt_errno_addr_intlibspace.o)
    0x0800e4e4   0x0800e4e4   0x00000030   Code   RO         1563    .text               c_w.l(_printf_char_common.o)
    0x0800e514   0x0800e514   0x00000008   Code   RO         1565    .text               c_w.l(ferror.o)
    0x0800e51c   0x0800e51c   0x0000004e   Code   RO         1569    .text               c_w.l(rt_memclr_w.o)
    0x0800e56a   0x0800e56a   0x00000002   PAD
    0x0800e56c   0x0800e56c   0x00000008   Code   RO         1575    .text               c_w.l(libspace.o)
    0x0800e574   0x0800e574   0x0000004a   Code   RO         1578    .text               c_w.l(sys_stackheap_outer.o)
    0x0800e5be   0x0800e5be   0x00000012   Code   RO         1584    .text               c_w.l(exit.o)
    0x0800e5d0   0x0800e5d0   0x00000030   Code   RO         1522    i.__ARM_fpclassify  m_wm.l(fpclassify.o)
    0x0800e600   0x0800e600   0x00000360   Code   RO         1433    i.__hardfp_asin     m_wm.l(asin.o)
    0x0800e960   0x0800e960   0x000002d8   Code   RO         1488    i.__hardfp_atan     m_wm.l(atan.o)
    0x0800ec38   0x0800ec38   0x000001f0   Code   RO         1447    i.__hardfp_atan2    m_wm.l(atan2.o)
    0x0800ee28   0x0800ee28   0x000000f8   Code   RO         1524    i.__kernel_poly     m_wm.l(poly.o)
    0x0800ef20   0x0800ef20   0x00000014   Code   RO         1503    i.__mathlib_dbl_infnan  m_wm.l(dunder.o)
    0x0800ef34   0x0800ef34   0x00000014   Code   RO         1504    i.__mathlib_dbl_infnan2  m_wm.l(dunder.o)
    0x0800ef48   0x0800ef48   0x00000020   Code   RO         1505    i.__mathlib_dbl_invalid  m_wm.l(dunder.o)
    0x0800ef68   0x0800ef68   0x00000020   Code   RO         1508    i.__mathlib_dbl_underflow  m_wm.l(dunder.o)
    0x0800ef88   0x0800ef88   0x0000000e   Code   RO         1381    i._is_digit         c_w.l(__printf_wp.o)
    0x0800ef96   0x0800ef96   0x00000010   Code   RO         1490    i.atan              m_wm.l(atan.o)
    0x0800efa6   0x0800efa6   0x00000018   Code   RO         1518    i.fabs              m_wm.l(fabs.o)
    0x0800efbe   0x0800efbe   0x0000006e   Code   RO         1529    i.sqrt              m_wm.l(sqrt.o)
    0x0800f02c   0x0800f02c   0x00000018   Code   RO         1477    x$fpl$basic         fz_wm.l(basic.o)
    0x0800f044   0x0800f044   0x00000062   Code   RO         1407    x$fpl$d2f           fz_wm.l(d2f.o)
    0x0800f0a6   0x0800f0a6   0x00000002   PAD
    0x0800f0a8   0x0800f0a8   0x00000150   Code   RO         1409    x$fpl$dadd          fz_wm.l(daddsub_clz.o)
    0x0800f1f8   0x0800f1f8   0x000002b0   Code   RO         1416    x$fpl$ddiv          fz_wm.l(ddiv.o)
    0x0800f4a8   0x0800f4a8   0x0000002e   Code   RO         1424    x$fpl$dflt          fz_wm.l(dflt_clz.o)
    0x0800f4d6   0x0800f4d6   0x00000002   PAD
    0x0800f4d8   0x0800f4d8   0x00000154   Code   RO         1429    x$fpl$dmul          fz_wm.l(dmul.o)
    0x0800f62c   0x0800f62c   0x0000009c   Code   RO         1479    x$fpl$dnaninf       fz_wm.l(dnaninf.o)
    0x0800f6c8   0x0800f6c8   0x0000000c   Code   RO         1481    x$fpl$dretinf       fz_wm.l(dretinf.o)
    0x0800f6d4   0x0800f6d4   0x00000016   Code   RO         1410    x$fpl$drsb          fz_wm.l(daddsub_clz.o)
    0x0800f6ea   0x0800f6ea   0x00000002   PAD
    0x0800f6ec   0x0800f6ec   0x00000198   Code   RO         1573    x$fpl$dsqrt         fz_wm.l(dsqrt_umaal.o)
    0x0800f884   0x0800f884   0x000001d4   Code   RO         1411    x$fpl$dsub          fz_wm.l(daddsub_clz.o)
    0x0800fa58   0x0800fa58   0x00000056   Code   RO         1431    x$fpl$f2d           fz_wm.l(f2d.o)
    0x0800faae   0x0800faae   0x0000008c   Code   RO         1483    x$fpl$fnaninf       fz_wm.l(fnaninf.o)
    0x0800fb3a   0x0800fb3a   0x0000000a   Code   RO         1660    x$fpl$fpinit        fz_wm.l(fpinit.o)
    0x0800fb44   0x0800fb44   0x0000000a   Code   RO         1485    x$fpl$fretinf       fz_wm.l(fretinf.o)
    0x0800fb4e   0x0800fb4e   0x00000000   Code   RO         1487    x$fpl$usenofp       fz_wm.l(usenofp.o)
    0x0800fb4e   0x0800fb4e   0x00000002   PAD
    0x0800fb50   0x0800fb50   0x00000066   Data   RO          306    .constdata          masterobject.o
    0x0800fbb6   0x0800fbb6   0x00000002   PAD
    0x0800fbb8   0x0800fbb8   0x00000050   Data   RO          453    .constdata          inv_mpu.o
    0x0800fc08   0x0800fc08   0x00000bf6   Data   RO          495    .constdata          inv_mpu_dmp_motion_driver.o
    0x080107fe   0x080107fe   0x00000002   PAD
    0x08010800   0x08010800   0x00000040   Data   RO         1289    .constdata          states.o
    0x08010840   0x08010840   0x00000028   Data   RO         1354    .constdata          c_w.l(_printf_hex_int.o)
    0x08010868   0x08010868   0x00000011   Data   RO         1389    .constdata          c_w.l(__printf_flags_ss_wp.o)
    0x08010879   0x08010879   0x00000007   PAD
    0x08010880   0x08010880   0x00000050   Data   RO         1436    .constdata          m_wm.l(asin.o)
    0x080108d0   0x080108d0   0x00000098   Data   RO         1491    .constdata          m_wm.l(atan.o)
    0x08010968   0x08010968   0x00000008   Data   RO         1526    .constdata          m_wm.l(qnan.o)
    0x08010970   0x08010970   0x0000004d   Data   RO          454    .conststring        inv_mpu.o
    0x080109bd   0x080109bd   0x00000003   PAD
    0x080109c0   0x080109c0   0x00000028   Data   RO          991    .conststring        usmart.o
    0x080109e8   0x080109e8   0x000000cb   Data   RO         1021    .conststring        usmart_config.o
    0x08010ab3   0x08010ab3   0x00000001   PAD
    0x08010ab4   0x08010ab4   0x00000020   Data   RO         1718    Region$$Table       anon$$obj.o


    Execution Region RW_IRAM1 (Exec base: 0x20000000, Load base: 0x08010ad4, Size: 0x00000f50, Max: 0x00020000, ABSOLUTE, COMPRESSED[0x00000224])

    Exec Addr    Load Addr    Size         Type   Attr      Idx    E Section Name        Object

    0x20000000   COMPRESSED   0x00000014   Data   RW          282    .data               system_stm32f4xx.o
    0x20000014   COMPRESSED   0x0000048c   Data   RW          307    .data               masterobject.o
    0x200004a0   COMPRESSED   0x00000001   Data   RW          354    .data               key.o
    0x200004a1   COMPRESSED   0x00000003   PAD
    0x200004a4   COMPRESSED   0x00000035   Data   RW          455    .data               inv_mpu.o
    0x200004d9   COMPRESSED   0x00000003   PAD
    0x200004dc   COMPRESSED   0x00000014   Data   RW          529    .data               timer3.o
    0x200004f0   COMPRESSED   0x000000a2   Data   RW          614    .data               motor.o
    0x20000592   COMPRESSED   0x00000004   Data   RW          685    .data               delay.o
    0x20000596   COMPRESSED   0x00000002   PAD
    0x20000598   COMPRESSED   0x00000006   Data   RW          726    .data               usart.o
    0x2000059e   COMPRESSED   0x00000010   Data   RW          826    .data               stm32f4xx_rcc.o
    0x200005ae   COMPRESSED   0x00000002   PAD
    0x200005b0   COMPRESSED   0x0000001c   Data   RW          992    .data               usmart.o
    0x200005cc   COMPRESSED   0x0000012c   Data   RW         1022    .data               usmart_config.o
    0x200006f8   COMPRESSED   0x00000024   Data   RW         1084    .data               canopen_can.o
    0x2000071c   COMPRESSED   0x0000000c   Data   RW         1315    .data               timer.o
    0x20000728        -       0x00000010   Zero   RW          494    .bss                inv_mpu_dmp_motion_driver.o
    0x20000738        -       0x00000024   Zero   RW          527    .bss                timer3.o
    0x2000075c        -       0x000000c8   Zero   RW          725    .bss                usart.o
    0x20000824        -       0x0000000c   Zero   RW         1083    .bss                canopen_can.o
    0x20000830        -       0x000000c0   Zero   RW         1314    .bss                timer.o
    0x200008f0        -       0x00000060   Zero   RW         1576    .bss                c_w.l(libspace.o)
    0x20000950        -       0x00000200   Zero   RW          754    HEAP                startup_stm32f40_41xxx.o
    0x20000b50        -       0x00000400   Zero   RW          753    STACK               startup_stm32f40_41xxx.o


==============================================================================

Image component sizes


      Code (inc. data)   RO Data    RW Data    ZI Data      Debug   Object Name

      1032         72          0         36         12       3581   canopen_can.o
       190          0          0          0          0       1462   canopen_timebase.o
       260          8          0          4          0       1493   delay.o
       674          0          0          0          0       3407   emcy.o
       364         12          0          0          0       1120   exti.o
      8896        222        157         53          0      24613   inv_mpu.o
      3472        142       3062          0         16      15575   inv_mpu_dmp_motion_driver.o
       260         12          0          1          0        884   key.o
      1024          6          0          0          0       5351   lifegrd.o
       660         36          0          0          0     305644   main.o
       156         12        102       1164          0       6261   masterobject.o
       224         20          0          0          0       1833   misc.o
       840         92          0        162          0       4868   motor.o
       900         22          0          0          0       4495   mpu6050.o
       604         14          0          0          0       1928   myiic.o
       132          0          0          0          0       1385   nmtmaster.o
       270          0          0          0          0       1124   nmtslave.o
       608         16          0          0          0       3552   objacces.o
      2660          6          0          0          0       8235   pdo.o
     15482        150          0          0          0      20671   sdo.o
        64         26        392          0       1536        836   startup_stm32f40_41xxx.o
      1052         22         64          0          0       4331   states.o
      2544         38          0          0          0       8160   stm32f4xx_can.o
       272         10          0          0          0       2303   stm32f4xx_exti.o
       660         44          0          0          0       4173   stm32f4xx_gpio.o
        26          0          0          0          0       1230   stm32f4xx_it.o
      1628         52          0         16          0      13056   stm32f4xx_rcc.o
       148         12          0          0          0       1853   stm32f4xx_syscfg.o
      3234         60          0          0          0      23028   stm32f4xx_tim.o
      1108         34          0          0          0       7896   stm32f4xx_usart.o
       292          4          0          0          0       2302   sync.o
       528         46          0         20          0       1799   system_stm32f4xx.o
       408         14          0         12        192       3222   timer.o
       484         38          0         20         36      12034   timer3.o
       328         16          0          6        200       3306   usart.o
       204         10          0          0          0        911   usart_mpu.o
      3124       1286         40         28          0       4446   usmart.o
         0          0        203        300          0       1524   usmart_config.o
      1320         12          0          0          0       5353   usmart_str.o

    ----------------------------------------------------------------------
     56144       2566       4060       1832       1992     519245   Object Totals
         0          0         32          0          0          0   (incl. Generated)
        12          0          8         10          0          0   (incl. Padding)

    ----------------------------------------------------------------------

      Code (inc. data)   RO Data    RW Data    ZI Data      Debug   Library Member Name

        90          0          0          0          0          0   __dczerorl2.o
         8          0          0          0          0         68   __main.o
       392          4         17          0          0         92   __printf_flags_ss_wp.o
        14          0          0          0          0         68   __printf_wp.o
         0          0          0          0          0          0   __rtentry.o
        12          0          0          0          0          0   __rtentry2.o
         6          0          0          0          0          0   __rtentry4.o
        52          8          0          0          0          0   __scatter.o
        28          0          0          0          0          0   __scatter_zi.o
         6          0          0          0          0          0   _printf_c.o
        44          0          0          0          0        108   _printf_char.o
        48          6          0          0          0         96   _printf_char_common.o
        36          4          0          0          0         80   _printf_char_file.o
         6          0          0          0          0          0   _printf_d.o
       120         16          0          0          0         92   _printf_dec.o
        88          4         40          0          0         88   _printf_hex_int.o
       178          0          0          0          0         88   _printf_intcommon.o
        78          0          0          0          0        108   _printf_pad.o
         0          0          0          0          0          0   _printf_percent.o
         4          0          0          0          0          0   _printf_percent_end.o
         6          0          0          0          0          0   _printf_s.o
        82          0          0          0          0         80   _printf_str.o
         6          0          0          0          0          0   _printf_u.o
         6          0          0          0          0          0   _printf_x.o
        22          0          0          0          0        100   _rserrno.o
        16          0          0          0          0         68   aeabi_memset.o
        18          0          0          0          0         80   exit.o
         8          0          0          0          0         68   ferror.o
         6          0          0          0          0        152   heapauxi.o
         2          0          0          0          0          0   libinit.o
         6          0          0          0          0          0   libinit2.o
         2          0          0          0          0          0   libshutdown.o
         2          0          0          0          0          0   libshutdown2.o
         8          4          0          0         96         68   libspace.o
        72          0          0          0          0         76   llsdiv.o
       238          0          0          0          0        100   lludivv7m.o
        88          0          0          0          0         76   memcmp.o
        24          4          0          0          0         84   noretval__2printf.o
         8          4          0          0          0         68   rt_errno_addr_intlibspace.o
        68          0          0          0          0         68   rt_memclr.o
        78          0          0          0          0         80   rt_memclr_w.o
       138          0          0          0          0         68   rt_memcpy_v6.o
       100          0          0          0          0         80   rt_memcpy_w.o
         2          0          0          0          0          0   rtexit.o
        10          0          0          0          0          0   rtexit2.o
        74          0          0          0          0         80   sys_stackheap_outer.o
         2          0          0          0          0         68   use_no_semi.o
         2          0          0          0          0         68   use_no_semi_2.o
        24          0          0          0          0        164   basic.o
        98          4          0          0          0        140   d2f.o
       826         16          0          0          0        492   daddsub_clz.o
       688        140          0          0          0        256   ddiv.o
        46          0          0          0          0        116   dflt_clz.o
       340         12          0          0          0        152   dmul.o
       156          4          0          0          0        140   dnaninf.o
        12          0          0          0          0        116   dretinf.o
       408         56          0          0          0        168   dsqrt_umaal.o
        86          4          0          0          0        132   f2d.o
       140          4          0          0          0        132   fnaninf.o
        10          0          0          0          0        116   fpinit.o
        10          0          0          0          0        116   fretinf.o
         0          0          0          0          0          0   usenofp.o
       864         94         80          0          0        280   asin.o
       744        106        152          0          0        352   atan.o
       496         64          0          0          0        192   atan2.o
       104         16          0          0          0        496   dunder.o
        24          0          0          0          0        124   fabs.o
        48          0          0          0          0        124   fpclassify.o
       248          0          0          0          0        152   poly.o
         0          0          8          0          0          0   qnan.o
       110          0          0          0          0        148   sqrt.o

    ----------------------------------------------------------------------
      7800        574        304          0         96       6528   Library Totals
        14          0          7          0          0          0   (incl. Padding)

    ----------------------------------------------------------------------

      Code (inc. data)   RO Data    RW Data    ZI Data      Debug   Library Name

      2304         54         57          0         96       2420   c_w.l
      2844        240          0          0          0       2240   fz_wm.l
      2638        280        240          0          0       1868   m_wm.l

    ----------------------------------------------------------------------
      7800        574        304          0         96       6528   Library Totals

    ----------------------------------------------------------------------

==============================================================================


      Code (inc. data)   RO Data    RW Data    ZI Data      Debug   

     63944       3140       4364       1832       2088     513873   Grand Totals
     63944       3140       4364        548       2088     513873   ELF Image Totals (compressed)
     63944       3140       4364        548          0          0   ROM Totals

==============================================================================

    Total RO  Size (Code + RO Data)                68308 (  66.71kB)
    Total RW  Size (RW Data + ZI Data)              3920 (   3.83kB)
    Total ROM Size (Code + RO Data + RW Data)      68856 (  67.24kB)

==============================================================================

